

================================================================
== Vivado HLS Report for 'max_int_s'
================================================================
* Date:           Wed May 13 10:16:40 2020

* Version:        2018.3 (Build 2405991 on Thu Dec 06 23:56:15 MST 2018)
* Project:        CornerDetect
* Solution:       solution1
* Product family: zynq
* Target device:  xc7z010clg400-2


================================================================
== Performance Estimates
================================================================
+ Timing (ns): 
    * Summary: 
    +--------+-------+----------+------------+
    |  Clock | Target| Estimated| Uncertainty|
    +--------+-------+----------+------------+
    |ap_clk  |  20.00|     2.671|        2.50|
    +--------+-------+----------+------------+

+ Latency (clock cycles): 
    * Summary: 
    +-----+-----+-----+-----+----------+
    |  Latency  |  Interval | Pipeline |
    | min | max | min | max |   Type   |
    +-----+-----+-----+-----+----------+
    |    0|    0|    1|    1| function |
    +-----+-----+-----+-----+----------+

    + Detail: 
        * Instance: 
        N/A

        * Loop: 
        N/A

============================================================
+ Verbose Summary: Synthesis Manager
============================================================
InlineROM: 1
ExposeGlobal: 0
============================================================
+ Verbose Summary: CDFG Model
============================================================
IsTopModel: 0
ResetActiveHigh: 1
IsCombinational: 0
IsDatapathOnly: 0
HasWiredReturn: 1
HasMFsm: 2
HasVarLatency: 0
IsPipeline: 1
IsRtlPipelined: 0
IsInstanceOverlapped: 0
IsDontTouch: 0
HasImplIP: 0
IsGatedGlobalClock: 0

+ Individual pipeline summary: 
  * Pipeline-0: initiation interval (II) = 1, depth = 1


============================================================
+ Verbose Summary: Schedule
============================================================
* Number of FSM states : 1
* Pipeline : 1
  Pipeline-0 : II = 1, D = 1, States = { 1 }
* Dataflow Pipeline: 0

* FSM state transitions: 
1 --> 

* FSM state operations: 

State 1 <SV = 0> <Delay = 2.67>
ST_1 : Operation 2 [1/1] (0.00ns)   --->   "%y_read = call i32 @_ssdm_op_Read.ap_auto.i32(i32 %y) nounwind" [C:/Xilinx/Vivado/2018.3/common/technology/autopilot/hls_math.h:249]   --->   Operation 2 'read' 'y_read' <Predicate = true> <Delay = 0.00>
ST_1 : Operation 3 [1/1] (0.00ns)   --->   "%x_read = call i32 @_ssdm_op_Read.ap_auto.i32(i32 %x) nounwind" [C:/Xilinx/Vivado/2018.3/common/technology/autopilot/hls_math.h:249]   --->   Operation 3 'read' 'x_read' <Predicate = true> <Delay = 0.00>
ST_1 : Operation 4 [1/1] (1.96ns)   --->   "%tmp = icmp sgt i32 %x_read, %y_read" [C:/Xilinx/Vivado/2018.3/common/technology/autopilot/hls_math.h:250]   --->   Operation 4 'icmp' 'tmp' <Predicate = true> <Delay = 1.96> <Core = "Cmp">   --->   Core 25 'Cmp' <Latency = 0> <II = 1> <Delay = 1.96> <FuncUnit> <Opcode : 'icmp'> <InPorts = 2> <OutPorts = 1>
ST_1 : Operation 5 [1/1] (0.70ns)   --->   "%tmp_s = select i1 %tmp, i32 %x_read, i32 %y_read" [C:/Xilinx/Vivado/2018.3/common/technology/autopilot/hls_math.h:250]   --->   Operation 5 'select' 'tmp_s' <Predicate = true> <Delay = 0.70> <Core = "Sel">   --->   Core 26 'Sel' <Latency = 0> <II = 1> <Delay = 0.70> <FuncUnit> <Opcode : 'select'> <InPorts = 3> <OutPorts = 1>
ST_1 : Operation 6 [1/1] (0.00ns)   --->   "ret i32 %tmp_s" [C:/Xilinx/Vivado/2018.3/common/technology/autopilot/hls_math.h:250]   --->   Operation 6 'ret' <Predicate = true> <Delay = 0.00>


============================================================
+ Verbose Summary: Binding
============================================================
STG Binding: 
---------------- STG Properties BEGIN ----------------
- Is combinational: 1
- Is one-state seq: 0
- Is datapath-only: 0
- Is pipelined: 1
- Is top level: 0
Port [ Return ] is wired: 1; IO mode=ap_ctrl_hs:ce=0
Port [ x]:  wired=1; compound=0; hidden=0; nouse=0; global=0; static=0; extern=0; dir=0; type=0; pingpong=0; private_global=0; IO mode=ap_none:ce=0
Port [ y]:  wired=1; compound=0; hidden=0; nouse=0; global=0; static=0; extern=0; dir=0; type=0; pingpong=0; private_global=0; IO mode=ap_none:ce=0
---------------- STG Properties END ------------------

---------------- Datapath Model BEGIN ----------------

<LifeTime>
<method=bitvector/>
y_read     (read  ) [ 00]
x_read     (read  ) [ 00]
tmp        (icmp  ) [ 00]
tmp_s      (select) [ 00]
StgValue_6 (ret   ) [ 00]
</LifeTime>

<model>

<comp_list>
<comp id="0" class="1000" name="x">
<pin_list>
<pin id="1" dir="1" index="0" bw="1" slack="0"/>
</pin_list>
<bind>
<StgValue><ssdm name="x"/></StgValue>
</bind>
</comp>

<comp id="2" class="1000" name="y">
<pin_list>
<pin id="3" dir="1" index="0" bw="1" slack="0"/>
</pin_list>
<bind>
<StgValue><ssdm name="y"/></StgValue>
</bind>
</comp>

<comp id="4" class="1001" name="const_4">
<pin_list>
<pin id="5" dir="1" index="0" bw="1" slack="0"/>
</pin_list>
<bind>
<StgValue><ssdm name="_ssdm_op_Read.ap_auto.i32"/></StgValue>
</bind>
</comp>

<comp id="6" class="1004" name="y_read_read_fu_6">
<pin_list>
<pin id="7" dir="0" index="0" bw="32" slack="0"/>
<pin id="8" dir="0" index="1" bw="32" slack="0"/>
<pin id="9" dir="1" index="2" bw="32" slack="0"/>
</pin_list>
<bind>
<opcode="read(1150) " fcode="read"/>
<opset="y_read/1 "/>
</bind>
</comp>

<comp id="12" class="1004" name="x_read_read_fu_12">
<pin_list>
<pin id="13" dir="0" index="0" bw="32" slack="0"/>
<pin id="14" dir="0" index="1" bw="32" slack="0"/>
<pin id="15" dir="1" index="2" bw="32" slack="0"/>
</pin_list>
<bind>
<opcode="read(1150) " fcode="read"/>
<opset="x_read/1 "/>
</bind>
</comp>

<comp id="18" class="1004" name="tmp_fu_18">
<pin_list>
<pin id="19" dir="0" index="0" bw="32" slack="0"/>
<pin id="20" dir="0" index="1" bw="32" slack="0"/>
<pin id="21" dir="1" index="2" bw="1" slack="0"/>
</pin_list>
<bind>
<opcode="icmp(45) " fcode="icmp"/>
<opset="tmp/1 "/>
</bind>
</comp>

<comp id="24" class="1004" name="tmp_s_fu_24">
<pin_list>
<pin id="25" dir="0" index="0" bw="1" slack="0"/>
<pin id="26" dir="0" index="1" bw="32" slack="0"/>
<pin id="27" dir="0" index="2" bw="32" slack="0"/>
<pin id="28" dir="1" index="3" bw="32" slack="2147483647"/>
</pin_list>
<bind>
<opcode="select(49) " fcode="select"/>
<opset="tmp_s/1 "/>
</bind>
</comp>

</comp_list>

<net_list>
<net id="10"><net_src comp="4" pin="0"/><net_sink comp="6" pin=0"/></net>

<net id="11"><net_src comp="2" pin="0"/><net_sink comp="6" pin=1"/></net>

<net id="16"><net_src comp="4" pin="0"/><net_sink comp="12" pin=0"/></net>

<net id="17"><net_src comp="0" pin="0"/><net_sink comp="12" pin=1"/></net>

<net id="22"><net_src comp="12" pin="2"/><net_sink comp="18" pin=0"/></net>

<net id="23"><net_src comp="6" pin="2"/><net_sink comp="18" pin=1"/></net>

<net id="29"><net_src comp="18" pin="2"/><net_sink comp="24" pin=0"/></net>

<net id="30"><net_src comp="12" pin="2"/><net_sink comp="24" pin=1"/></net>

<net id="31"><net_src comp="6" pin="2"/><net_sink comp="24" pin=2"/></net>

</net_list>

</model> 
---------------- Datapath Model END ------------------

* FSMD analyzer results:
  - Output states:
 - Input state : 
	Port: max<int> : x | {1 }
	Port: max<int> : y | {1 }
  - Chain level:
	State 1
		tmp_s : 1
		StgValue_6 : 2


============================================================
+ Verbose Summary: Datapath Resource usage 
============================================================

* Functional unit list:
|----------|-------------------|---------|---------|
| Operation|  Functional Unit  |    FF   |   LUT   |
|----------|-------------------|---------|---------|
|  select  |    tmp_s_fu_24    |    0    |    32   |
|----------|-------------------|---------|---------|
|   icmp   |     tmp_fu_18     |    0    |    12   |
|----------|-------------------|---------|---------|
|   read   |  y_read_read_fu_6 |    0    |    0    |
|          | x_read_read_fu_12 |    0    |    0    |
|----------|-------------------|---------|---------|
|   Total  |                   |    0    |    44   |
|----------|-------------------|---------|---------|

Memories:
N/A

* Register list:
N/A

* Multiplexer (MUX) list: 
|--------|------|------|------|--------|
|  Comp  |  Pin | Size |  BW  | S x BW |
|--------|------|------|------|--------|
|  Total |      |      |      |    0   |
|--------|------|------|------|--------|



* Summary:
+-----------+--------+--------+
|           |   FF   |   LUT  |
+-----------+--------+--------+
|  Function |    0   |   44   |
|   Memory  |    -   |    -   |
|Multiplexer|    -   |    -   |
|  Register |    -   |    -   |
+-----------+--------+--------+
|   Total   |    0   |   44   |
+-----------+--------+--------+
