17:49:41 **** Build of project axi_gpio_bsp ****
make -k all 
"Running Make include in ps7_cortexa9_0/libsrc/coresightps_dcc_v1_3/src"
make -C ps7_cortexa9_0/libsrc/coresightps_dcc_v1_3/src -s include  "SHELL=CMD" "COMPILER=arm-none-eabi-gcc" "ARCHIVER=arm-none-eabi-ar" "COMPILER_FLAGS=  -O2 -c" "EXTRA_COMPILER_FLAGS=-mcpu=cortex-a9 -mfpu=vfpv3 -mfloat-abi=hard -nostartfiles"
"Running Make include in ps7_cortexa9_0/libsrc/cpu_cortexa9_v2_3/src"
make -C ps7_cortexa9_0/libsrc/cpu_cortexa9_v2_3/src -s include  "SHELL=CMD" "COMPILER=arm-none-eabi-gcc" "ARCHIVER=arm-none-eabi-ar" "COMPILER_FLAGS=  -O2 -c" "EXTRA_COMPILER_FLAGS=-mcpu=cortex-a9 -mfpu=vfpv3 -mfloat-abi=hard -nostartfiles"
"Running Make include in ps7_cortexa9_0/libsrc/ddrps_v1_0/src"
make -C ps7_cortexa9_0/libsrc/ddrps_v1_0/src -s include  "SHELL=CMD" "COMPILER=arm-none-eabi-gcc" "ARCHIVER=arm-none-eabi-ar" "COMPILER_FLAGS=  -O2 -c" "EXTRA_COMPILER_FLAGS=-mcpu=cortex-a9 -mfpu=vfpv3 -mfloat-abi=hard -nostartfiles"
"Running Make include in ps7_cortexa9_0/libsrc/devcfg_v3_4/src"
make -C ps7_cortexa9_0/libsrc/devcfg_v3_4/src -s include  "SHELL=CMD" "COMPILER=arm-none-eabi-gcc" "ARCHIVER=arm-none-eabi-ar" "COMPILER_FLAGS=  -O2 -c" "EXTRA_COMPILER_FLAGS=-mcpu=cortex-a9 -mfpu=vfpv3 -mfloat-abi=hard -nostartfiles"
"Running Make include in ps7_cortexa9_0/libsrc/dmaps_v2_2/src"
make -C ps7_cortexa9_0/libsrc/dmaps_v2_2/src -s include  "SHELL=CMD" "COMPILER=arm-none-eabi-gcc" "ARCHIVER=arm-none-eabi-ar" "COMPILER_FLAGS=  -O2 -c" "EXTRA_COMPILER_FLAGS=-mcpu=cortex-a9 -mfpu=vfpv3 -mfloat-abi=hard -nostartfiles"
"Running Make include in ps7_cortexa9_0/libsrc/gpio_v4_2/src"
make -C ps7_cortexa9_0/libsrc/gpio_v4_2/src -s include  "SHELL=CMD" "COMPILER=arm-none-eabi-gcc" "ARCHIVER=arm-none-eabi-ar" "COMPILER_FLAGS=  -O2 -c" "EXTRA_COMPILER_FLAGS=-mcpu=cortex-a9 -mfpu=vfpv3 -mfloat-abi=hard -nostartfiles"
"Running Make include in ps7_cortexa9_0/libsrc/gpiops_v3_1/src"
make -C ps7_cortexa9_0/libsrc/gpiops_v3_1/src -s include  "SHELL=CMD" "COMPILER=arm-none-eabi-gcc" "ARCHIVER=arm-none-eabi-ar" "COMPILER_FLAGS=  -O2 -c" "EXTRA_COMPILER_FLAGS=-mcpu=cortex-a9 -mfpu=vfpv3 -mfloat-abi=hard -nostartfiles"
"Running Make include in ps7_cortexa9_0/libsrc/scugic_v3_4/src"
make -C ps7_cortexa9_0/libsrc/scugic_v3_4/src -s include  "SHELL=CMD" "COMPILER=arm-none-eabi-gcc" "ARCHIVER=arm-none-eabi-ar" "COMPILER_FLAGS=  -O2 -c" "EXTRA_COMPILER_FLAGS=-mcpu=cortex-a9 -mfpu=vfpv3 -mfloat-abi=hard -nostartfiles"
"Running Make include in ps7_cortexa9_0/libsrc/scutimer_v2_1/src"
make -C ps7_cortexa9_0/libsrc/scutimer_v2_1/src -s include  "SHELL=CMD" "COMPILER=arm-none-eabi-gcc" "ARCHIVER=arm-none-eabi-ar" "COMPILER_FLAGS=  -O2 -c" "EXTRA_COMPILER_FLAGS=-mcpu=cortex-a9 -mfpu=vfpv3 -mfloat-abi=hard -nostartfiles"
"Running Make include in ps7_cortexa9_0/libsrc/scuwdt_v2_1/src"
make -C ps7_cortexa9_0/libsrc/scuwdt_v2_1/src -s include  "SHELL=CMD" "COMPILER=arm-none-eabi-gcc" "ARCHIVER=arm-none-eabi-ar" "COMPILER_FLAGS=  -O2 -c" "EXTRA_COMPILER_FLAGS=-mcpu=cortex-a9 -mfpu=vfpv3 -mfloat-abi=hard -nostartfiles"
"Running Make include in ps7_cortexa9_0/libsrc/standalone_v6_0/src"
make -C ps7_cortexa9_0/libsrc/standalone_v6_0/src -s include  "SHELL=CMD" "COMPILER=arm-none-eabi-gcc" "ARCHIVER=arm-none-eabi-ar" "COMPILER_FLAGS=  -O2 -c" "EXTRA_COMPILER_FLAGS=-mcpu=cortex-a9 -mfpu=vfpv3 -mfloat-abi=hard -nostartfiles"
"Running Make include in ps7_cortexa9_0/libsrc/uartps_v3_2/src"
make -C ps7_cortexa9_0/libsrc/uartps_v3_2/src -s include  "SHELL=CMD" "COMPILER=arm-none-eabi-gcc" "ARCHIVER=arm-none-eabi-ar" "COMPILER_FLAGS=  -O2 -c" "EXTRA_COMPILER_FLAGS=-mcpu=cortex-a9 -mfpu=vfpv3 -mfloat-abi=hard -nostartfiles"
"Running Make include in ps7_cortexa9_0/libsrc/xadcps_v2_2/src"
make -C ps7_cortexa9_0/libsrc/xadcps_v2_2/src -s include  "SHELL=CMD" "COMPILER=arm-none-eabi-gcc" "ARCHIVER=arm-none-eabi-ar" "COMPILER_FLAGS=  -O2 -c" "EXTRA_COMPILER_FLAGS=-mcpu=cortex-a9 -mfpu=vfpv3 -mfloat-abi=hard -nostartfiles"
"Running Make libs in ps7_cortexa9_0/libsrc/coresightps_dcc_v1_3/src"
make -C ps7_cortexa9_0/libsrc/coresightps_dcc_v1_3/src -s libs  "SHELL=CMD" "COMPILER=arm-none-eabi-gcc" "ARCHIVER=arm-none-eabi-ar" "COMPILER_FLAGS=  -O2 -c" "EXTRA_COMPILER_FLAGS=-mcpu=cortex-a9 -mfpu=vfpv3 -mfloat-abi=hard -nostartfiles"
"Compiling coresightps_dcc"
arm-none-eabi-ar: creating ../../../lib/libxil.a
"Running Make libs in ps7_cortexa9_0/libsrc/cpu_cortexa9_v2_3/src"
make -C ps7_cortexa9_0/libsrc/cpu_cortexa9_v2_3/src -s libs  "SHELL=CMD" "COMPILER=arm-none-eabi-gcc" "ARCHIVER=arm-none-eabi-ar" "COMPILER_FLAGS=  -O2 -c" "EXTRA_COMPILER_FLAGS=-mcpu=cortex-a9 -mfpu=vfpv3 -mfloat-abi=hard -nostartfiles"
"Compiling cpu_cortexa9"
"Running Make libs in ps7_cortexa9_0/libsrc/ddrps_v1_0/src"
make -C ps7_cortexa9_0/libsrc/ddrps_v1_0/src -s libs  "SHELL=CMD" "COMPILER=arm-none-eabi-gcc" "ARCHIVER=arm-none-eabi-ar" "COMPILER_FLAGS=  -O2 -c" "EXTRA_COMPILER_FLAGS=-mcpu=cortex-a9 -mfpu=vfpv3 -mfloat-abi=hard -nostartfiles"
"Compiling ddrps"
"Running Make libs in ps7_cortexa9_0/libsrc/devcfg_v3_4/src"
make -C ps7_cortexa9_0/libsrc/devcfg_v3_4/src -s libs  "SHELL=CMD" "COMPILER=arm-none-eabi-gcc" "ARCHIVER=arm-none-eabi-ar" "COMPILER_FLAGS=  -O2 -c" "EXTRA_COMPILER_FLAGS=-mcpu=cortex-a9 -mfpu=vfpv3 -mfloat-abi=hard -nostartfiles"
"Compiling devcfg"
"Running Make libs in ps7_cortexa9_0/libsrc/dmaps_v2_2/src"
make -C ps7_cortexa9_0/libsrc/dmaps_v2_2/src -s libs  "SHELL=CMD" "COMPILER=arm-none-eabi-gcc" "ARCHIVER=arm-none-eabi-ar" "COMPILER_FLAGS=  -O2 -c" "EXTRA_COMPILER_FLAGS=-mcpu=cortex-a9 -mfpu=vfpv3 -mfloat-abi=hard -nostartfiles"
"Compiling dmaps"
"Running Make libs in ps7_cortexa9_0/libsrc/gpio_v4_2/src"
make -C ps7_cortexa9_0/libsrc/gpio_v4_2/src -s libs  "SHELL=CMD" "COMPILER=arm-none-eabi-gcc" "ARCHIVER=arm-none-eabi-ar" "COMPILER_FLAGS=  -O2 -c" "EXTRA_COMPILER_FLAGS=-mcpu=cortex-a9 -mfpu=vfpv3 -mfloat-abi=hard -nostartfiles"
"Compiling gpio"
"Running Make libs in ps7_cortexa9_0/libsrc/gpiops_v3_1/src"
make -C ps7_cortexa9_0/libsrc/gpiops_v3_1/src -s libs  "SHELL=CMD" "COMPILER=arm-none-eabi-gcc" "ARCHIVER=arm-none-eabi-ar" "COMPILER_FLAGS=  -O2 -c" "EXTRA_COMPILER_FLAGS=-mcpu=cortex-a9 -mfpu=vfpv3 -mfloat-abi=hard -nostartfiles"
"Compiling gpiops"
"Running Make libs in ps7_cortexa9_0/libsrc/scugic_v3_4/src"
make -C ps7_cortexa9_0/libsrc/scugic_v3_4/src -s libs  "SHELL=CMD" "COMPILER=arm-none-eabi-gcc" "ARCHIVER=arm-none-eabi-ar" "COMPILER_FLAGS=  -O2 -c" "EXTRA_COMPILER_FLAGS=-mcpu=cortex-a9 -mfpu=vfpv3 -mfloat-abi=hard -nostartfiles"
"Compiling scugic"
"Running Make libs in ps7_cortexa9_0/libsrc/scutimer_v2_1/src"
make -C ps7_cortexa9_0/libsrc/scutimer_v2_1/src -s libs  "SHELL=CMD" "COMPILER=arm-none-eabi-gcc" "ARCHIVER=arm-none-eabi-ar" "COMPILER_FLAGS=  -O2 -c" "EXTRA_COMPILER_FLAGS=-mcpu=cortex-a9 -mfpu=vfpv3 -mfloat-abi=hard -nostartfiles"
"Compiling scutimer"
"Running Make libs in ps7_cortexa9_0/libsrc/scuwdt_v2_1/src"
make -C ps7_cortexa9_0/libsrc/scuwdt_v2_1/src -s libs  "SHELL=CMD" "COMPILER=arm-none-eabi-gcc" "ARCHIVER=arm-none-eabi-ar" "COMPILER_FLAGS=  -O2 -c" "EXTRA_COMPILER_FLAGS=-mcpu=cortex-a9 -mfpu=vfpv3 -mfloat-abi=hard -nostartfiles"
"Compiling scuwdt"
"Running Make libs in ps7_cortexa9_0/libsrc/standalone_v6_0/src"
make -C ps7_cortexa9_0/libsrc/standalone_v6_0/src -s libs  "SHELL=CMD" "COMPILER=arm-none-eabi-gcc" "ARCHIVER=arm-none-eabi-ar" "COMPILER_FLAGS=  -O2 -c" "EXTRA_COMPILER_FLAGS=-mcpu=cortex-a9 -mfpu=vfpv3 -mfloat-abi=hard -nostartfiles"
"Compiling standalone"
"Running Make libs in ps7_cortexa9_0/libsrc/uartps_v3_2/src"
make -C ps7_cortexa9_0/libsrc/uartps_v3_2/src -s libs  "SHELL=CMD" "COMPILER=arm-none-eabi-gcc" "ARCHIVER=arm-none-eabi-ar" "COMPILER_FLAGS=  -O2 -c" "EXTRA_COMPILER_FLAGS=-mcpu=cortex-a9 -mfpu=vfpv3 -mfloat-abi=hard -nostartfiles"
"Compiling uartps"
"Running Make libs in ps7_cortexa9_0/libsrc/xadcps_v2_2/src"
make -C ps7_cortexa9_0/libsrc/xadcps_v2_2/src -s libs  "SHELL=CMD" "COMPILER=arm-none-eabi-gcc" "ARCHIVER=arm-none-eabi-ar" "COMPILER_FLAGS=  -O2 -c" "EXTRA_COMPILER_FLAGS=-mcpu=cortex-a9 -mfpu=vfpv3 -mfloat-abi=hard -nostartfiles"
"Compiling xadcps"
'Finished building libraries'

**** Build of configuration Debug for project axi_gpio ****

Nothing to build for project axi_gpio
17:53:27 **** Build of configuration Debug for project axi_gpio_bsp_xgpio_intr_tapp_example_1 ****
make pre-build main-build 
a9-linaro-pre-build-step
' '
'Building file: ../src/xgpio_intr_tapp_example.c'
'Invoking: ARM v7 gcc compiler'
arm-none-eabi-gcc -Wall -O0 -g3 -c -fmessage-length=0 -MT"src/xgpio_intr_tapp_example.o" -mcpu=cortex-a9 -mfpu=vfpv3 -mfloat-abi=hard -I../../axi_gpio_bsp/ps7_cortexa9_0/include -MMD -MP -MF"src/xgpio_intr_tapp_example.d" -MT"src/xgpio_intr_tapp_example.o" -o "src/xgpio_intr_tapp_example.o" "../src/xgpio_intr_tapp_example.c"
../src/xgpio_intr_tapp_example.c: In function 'main':
../src/xgpio_intr_tapp_example.c:92:33: error: 'XPAR_FABRIC_AXI_GPIO_1_IP2INTC_IRPT_INTR' undeclared (first use in this function)
  #define INTC_GPIO_INTERRUPT_ID XPAR_FABRIC_AXI_GPIO_1_IP2INTC_IRPT_INTR
                                 ^
../src/xgpio_intr_tapp_example.c:192:8: note: in expansion of macro 'INTC_GPIO_INTERRUPT_ID'
        INTC_GPIO_INTERRUPT_ID,
        ^
../src/xgpio_intr_tapp_example.c:92:33: note: each undeclared identifier is reported only once for each function it appears in
  #define INTC_GPIO_INTERRUPT_ID XPAR_FABRIC_AXI_GPIO_1_IP2INTC_IRPT_INTR
                                 ^
../src/xgpio_intr_tapp_example.c:192:8: note: in expansion of macro 'INTC_GPIO_INTERRUPT_ID'
        INTC_GPIO_INTERRUPT_ID,
        ^
make: *** [src/xgpio_intr_tapp_example.o] 错误 1
17:53:29 **** Auto Build of configuration Debug for project axi_gpio_bsp_xgpio_intr_tapp_example_1 ****
make pre-build main-build 
a9-linaro-pre-build-step
' '
'Building file: ../src/xgpio_intr_tapp_example.c'
'Invoking: ARM v7 gcc compiler'
arm-none-eabi-gcc -Wall -O0 -g3 -c -fmessage-length=0 -MT"src/xgpio_intr_tapp_example.o" -mcpu=cortex-a9 -mfpu=vfpv3 -mfloat-abi=hard -I../../axi_gpio_bsp/ps7_cortexa9_0/include -MMD -MP -MF"src/xgpio_intr_tapp_example.d" -MT"src/xgpio_intr_tapp_example.o" -o "src/xgpio_intr_tapp_example.o" "../src/xgpio_intr_tapp_example.c"
../src/xgpio_intr_tapp_example.c: In function 'main':
../src/xgpio_intr_tapp_example.c:92:33: error: 'XPAR_FABRIC_AXI_GPIO_1_IP2INTC_IRPT_INTR' undeclared (first use in this function)
  #define INTC_GPIO_INTERRUPT_ID XPAR_FABRIC_AXI_GPIO_1_IP2INTC_IRPT_INTR
                                 ^
../src/xgpio_intr_tapp_example.c:192:8: note: in expansion of macro 'INTC_GPIO_INTERRUPT_ID'
        INTC_GPIO_INTERRUPT_ID,
        ^
../src/xgpio_intr_tapp_example.c:92:33: note: each undeclared identifier is reported only once for each function it appears in
  #define INTC_GPIO_INTERRUPT_ID XPAR_FABRIC_AXI_GPIO_1_IP2INTC_IRPT_INTR
                                 ^
../src/xgpio_intr_tapp_example.c:192:8: note: in expansion of macro 'INTC_GPIO_INTERRUPT_ID'
        INTC_GPIO_INTERRUPT_ID,
        ^
make: *** [src/xgpio_intr_tapp_example.o] 错误 1
17:54:11 **** Auto Build of configuration Debug for project axi_gpio ****
make pre-build main-build 
a9-linaro-pre-build-step
' '
'Building file: ../src/main.c'
'Invoking: ARM v7 gcc compiler'
arm-none-eabi-gcc -Wall -O0 -g3 -c -fmessage-length=0 -MT"src/main.o" -mcpu=cortex-a9 -mfpu=vfpv3 -mfloat-abi=hard -I../../axi_gpio_bsp/ps7_cortexa9_0/include -MMD -MP -MF"src/main.d" -MT"src/main.o" -o "src/main.o" "../src/main.c"
'Finished building: ../src/main.c'
' '
'Building target: axi_gpio.elf'
'Invoking: ARM v7 gcc linker'
arm-none-eabi-gcc -mcpu=cortex-a9 -mfpu=vfpv3 -mfloat-abi=hard -Wl,-build-id=none -specs=Xilinx.spec -Wl,-T -Wl,../src/lscript.ld -L../../axi_gpio_bsp/ps7_cortexa9_0/lib -o "axi_gpio.elf"  ./src/main.o   -Wl,--start-group,-lxil,-lgcc,-lc,--end-group
../../axi_gpio_bsp/ps7_cortexa9_0/lib\libxil.a(xil-crt0.o): In function `_start':
xil-crt0.S:(.text+0x68): undefined reference to `main'
collect2.exe: error: ld returned 1 exit status
make: *** [axi_gpio.elf] 错误 1
17:54:14 **** Auto Build of configuration Debug for project axi_gpio ****
make pre-build main-build 
a9-linaro-pre-build-step
' '
'Building target: axi_gpio.elf'
'Invoking: ARM v7 gcc linker'
arm-none-eabi-gcc -mcpu=cortex-a9 -mfpu=vfpv3 -mfloat-abi=hard -Wl,-build-id=none -specs=Xilinx.spec -Wl,-T -Wl,../src/lscript.ld -L../../axi_gpio_bsp/ps7_cortexa9_0/lib -o "axi_gpio.elf"  ./src/main.o   -Wl,--start-group,-lxil,-lgcc,-lc,--end-group
../../axi_gpio_bsp/ps7_cortexa9_0/lib\libxil.a(xil-crt0.o): In function `_start':
xil-crt0.S:(.text+0x68): undefined reference to `main'
collect2.exe: error: ld returned 1 exit status
make: *** [axi_gpio.elf] 错误 1
18:12:55 **** Auto Build of configuration Debug for project axi_gpio ****
make pre-build main-build 
a9-linaro-pre-build-step
' '
'Building file: ../src/main.c'
'Invoking: ARM v7 gcc compiler'
arm-none-eabi-gcc -Wall -O0 -g3 -c -fmessage-length=0 -MT"src/main.o" -mcpu=cortex-a9 -mfpu=vfpv3 -mfloat-abi=hard -I../../axi_gpio_bsp/ps7_cortexa9_0/include -MMD -MP -MF"src/main.d" -MT"src/main.o" -o "src/main.o" "../src/main.c"
'Finished building: ../src/main.c'
' '
'Building target: axi_gpio.elf'
'Invoking: ARM v7 gcc linker'
arm-none-eabi-gcc -mcpu=cortex-a9 -mfpu=vfpv3 -mfloat-abi=hard -Wl,-build-id=none -specs=Xilinx.spec -Wl,-T -Wl,../src/lscript.ld -L../../axi_gpio_bsp/ps7_cortexa9_0/lib -o "axi_gpio.elf"  ./src/main.o   -Wl,--start-group,-lxil,-lgcc,-lc,--end-group
'Finished building target: axi_gpio.elf'
' '
'Invoking: ARM v7 Print Size'
arm-none-eabi-size axi_gpio.elf  |tee "axi_gpio.elf.size"
   text	   data	    bss	    dec	    hex	filename
  82004	   4168	  23392	 109564	  1abfc	axi_gpio.elf
'Finished building: axi_gpio.elf.size'
' '
18:19:07 **** Auto Build of configuration Debug for project axi_gpio ****
make pre-build main-build 
a9-linaro-pre-build-step
' '
'Building file: ../src/main.c'
'Invoking: ARM v7 gcc compiler'
arm-none-eabi-gcc -Wall -O0 -g3 -c -fmessage-length=0 -MT"src/main.o" -mcpu=cortex-a9 -mfpu=vfpv3 -mfloat-abi=hard -I../../axi_gpio_bsp/ps7_cortexa9_0/include -MMD -MP -MF"src/main.d" -MT"src/main.o" -o "src/main.o" "../src/main.c"
'Finished building: ../src/main.c'
' '
'Building target: axi_gpio.elf'
'Invoking: ARM v7 gcc linker'
arm-none-eabi-gcc -mcpu=cortex-a9 -mfpu=vfpv3 -mfloat-abi=hard -Wl,-build-id=none -specs=Xilinx.spec -Wl,-T -Wl,../src/lscript.ld -L../../axi_gpio_bsp/ps7_cortexa9_0/lib -o "axi_gpio.elf"  ./src/main.o   -Wl,--start-group,-lxil,-lgcc,-lc,--end-group
'Finished building target: axi_gpio.elf'
' '
'Invoking: ARM v7 Print Size'
arm-none-eabi-size axi_gpio.elf  |tee "axi_gpio.elf.size"
   text	   data	    bss	    dec	    hex	filename
  82004	   4168	  23392	 109564	  1abfc	axi_gpio.elf
'Finished building: axi_gpio.elf.size'
' '
18:19:12 **** Auto Build of configuration Debug for project axi_gpio ****
make pre-build main-build 
a9-linaro-pre-build-step
' '
'Building file: ../src/main.c'
'Invoking: ARM v7 gcc compiler'
arm-none-eabi-gcc -Wall -O0 -g3 -c -fmessage-length=0 -MT"src/main.o" -mcpu=cortex-a9 -mfpu=vfpv3 -mfloat-abi=hard -I../../axi_gpio_bsp/ps7_cortexa9_0/include -MMD -MP -MF"src/main.d" -MT"src/main.o" -o "src/main.o" "../src/main.c"
'Finished building: ../src/main.c'
' '
'Building target: axi_gpio.elf'
'Invoking: ARM v7 gcc linker'
arm-none-eabi-gcc -mcpu=cortex-a9 -mfpu=vfpv3 -mfloat-abi=hard -Wl,-build-id=none -specs=Xilinx.spec -Wl,-T -Wl,../src/lscript.ld -L../../axi_gpio_bsp/ps7_cortexa9_0/lib -o "axi_gpio.elf"  ./src/main.o   -Wl,--start-group,-lxil,-lgcc,-lc,--end-group
'Finished building target: axi_gpio.elf'
' '
'Invoking: ARM v7 Print Size'
arm-none-eabi-size axi_gpio.elf  |tee "axi_gpio.elf.size"
   text	   data	    bss	    dec	    hex	filename
  82004	   4168	  23392	 109564	  1abfc	axi_gpio.elf
'Finished building: axi_gpio.elf.size'
' '
18:20:02 **** Auto Build of configuration Debug for project axi_gpio ****
make pre-build main-build 
a9-linaro-pre-build-step
' '
'Building file: ../src/main.c'
'Invoking: ARM v7 gcc compiler'
arm-none-eabi-gcc -Wall -O0 -g3 -c -fmessage-length=0 -MT"src/main.o" -mcpu=cortex-a9 -mfpu=vfpv3 -mfloat-abi=hard -I../../axi_gpio_bsp/ps7_cortexa9_0/include -MMD -MP -MF"src/main.d" -MT"src/main.o" -o "src/main.o" "../src/main.c"
'Finished building: ../src/main.c'
' '
'Building target: axi_gpio.elf'
'Invoking: ARM v7 gcc linker'
arm-none-eabi-gcc -mcpu=cortex-a9 -mfpu=vfpv3 -mfloat-abi=hard -Wl,-build-id=none -specs=Xilinx.spec -Wl,-T -Wl,../src/lscript.ld -L../../axi_gpio_bsp/ps7_cortexa9_0/lib -o "axi_gpio.elf"  ./src/main.o   -Wl,--start-group,-lxil,-lgcc,-lc,--end-group
'Finished building target: axi_gpio.elf'
' '
'Invoking: ARM v7 Print Size'
arm-none-eabi-size axi_gpio.elf  |tee "axi_gpio.elf.size"
   text	   data	    bss	    dec	    hex	filename
  82004	   4168	  23392	 109564	  1abfc	axi_gpio.elf
'Finished building: axi_gpio.elf.size'
' '
18:22:12 **** Auto Build of configuration Debug for project axi_gpio ****
make pre-build main-build 
a9-linaro-pre-build-step
' '
'Building file: ../src/main.c'
'Invoking: ARM v7 gcc compiler'
arm-none-eabi-gcc -Wall -O0 -g3 -c -fmessage-length=0 -MT"src/main.o" -mcpu=cortex-a9 -mfpu=vfpv3 -mfloat-abi=hard -I../../axi_gpio_bsp/ps7_cortexa9_0/include -MMD -MP -MF"src/main.d" -MT"src/main.o" -o "src/main.o" "../src/main.c"
../src/main.c:18:0: warning: "GPIO_DEVICE_ID" redefined
 #define GPIO_DEVICE_ID  XPAR_GPIO_0_DEVICE_ID
 ^
../src/main.c:16:0: note: this is the location of the previous definition
 #define GPIO_DEVICE_ID   XPAR_XGPIOPS_0_DEVICE_ID /* PS GPIO 终断号 */
 ^
'Finished building: ../src/main.c'
' '
'Building target: axi_gpio.elf'
'Invoking: ARM v7 gcc linker'
arm-none-eabi-gcc -mcpu=cortex-a9 -mfpu=vfpv3 -mfloat-abi=hard -Wl,-build-id=none -specs=Xilinx.spec -Wl,-T -Wl,../src/lscript.ld -L../../axi_gpio_bsp/ps7_cortexa9_0/lib -o "axi_gpio.elf"  ./src/main.o   -Wl,--start-group,-lxil,-lgcc,-lc,--end-group
'Finished building target: axi_gpio.elf'
' '
'Invoking: ARM v7 Print Size'
arm-none-eabi-size axi_gpio.elf  |tee "axi_gpio.elf.size"
   text	   data	    bss	    dec	    hex	filename
  82004	   4168	  23392	 109564	  1abfc	axi_gpio.elf
'Finished building: axi_gpio.elf.size'
' '
18:22:26 **** Auto Build of configuration Debug for project axi_gpio ****
make pre-build main-build 
a9-linaro-pre-build-step
' '
'Building file: ../src/main.c'
'Invoking: ARM v7 gcc compiler'
arm-none-eabi-gcc -Wall -O0 -g3 -c -fmessage-length=0 -MT"src/main.o" -mcpu=cortex-a9 -mfpu=vfpv3 -mfloat-abi=hard -I../../axi_gpio_bsp/ps7_cortexa9_0/include -MMD -MP -MF"src/main.d" -MT"src/main.o" -o "src/main.o" "../src/main.c"
../src/main.c:18:0: warning: "GPIO_DEVICE_ID" redefined
 #define GPIO_DEVICE_ID  XPAR_GPIO_0_DEVICE_ID  /* AXI GPIO 终断号 */
 ^
../src/main.c:16:0: note: this is the location of the previous definition
 #define GPIO_DEVICE_ID   XPAR_XGPIOPS_0_DEVICE_ID /* PS GPIO 终断号 */
 ^
'Finished building: ../src/main.c'
' '
'Building target: axi_gpio.elf'
'Invoking: ARM v7 gcc linker'
arm-none-eabi-gcc -mcpu=cortex-a9 -mfpu=vfpv3 -mfloat-abi=hard -Wl,-build-id=none -specs=Xilinx.spec -Wl,-T -Wl,../src/lscript.ld -L../../axi_gpio_bsp/ps7_cortexa9_0/lib -o "axi_gpio.elf"  ./src/main.o   -Wl,--start-group,-lxil,-lgcc,-lc,--end-group
'Finished building target: axi_gpio.elf'
' '
'Invoking: ARM v7 Print Size'
arm-none-eabi-size axi_gpio.elf  |tee "axi_gpio.elf.size"
   text	   data	    bss	    dec	    hex	filename
  82004	   4168	  23392	 109564	  1abfc	axi_gpio.elf
'Finished building: axi_gpio.elf.size'
' '
18:24:49 **** Auto Build of configuration Debug for project axi_gpio ****
make pre-build main-build 
a9-linaro-pre-build-step
' '
'Building file: ../src/main.c'
'Invoking: ARM v7 gcc compiler'
arm-none-eabi-gcc -Wall -O0 -g3 -c -fmessage-length=0 -MT"src/main.o" -mcpu=cortex-a9 -mfpu=vfpv3 -mfloat-abi=hard -I../../axi_gpio_bsp/ps7_cortexa9_0/include -MMD -MP -MF"src/main.d" -MT"src/main.o" -o "src/main.o" "../src/main.c"
'Finished building: ../src/main.c'
' '
'Building target: axi_gpio.elf'
'Invoking: ARM v7 gcc linker'
arm-none-eabi-gcc -mcpu=cortex-a9 -mfpu=vfpv3 -mfloat-abi=hard -Wl,-build-id=none -specs=Xilinx.spec -Wl,-T -Wl,../src/lscript.ld -L../../axi_gpio_bsp/ps7_cortexa9_0/lib -o "axi_gpio.elf"  ./src/main.o   -Wl,--start-group,-lxil,-lgcc,-lc,--end-group
'Finished building target: axi_gpio.elf'
' '
'Invoking: ARM v7 Print Size'
arm-none-eabi-size axi_gpio.elf  |tee "axi_gpio.elf.size"
   text	   data	    bss	    dec	    hex	filename
  82004	   4168	  23392	 109564	  1abfc	axi_gpio.elf
'Finished building: axi_gpio.elf.size'
' '
18:25:14 **** Auto Build of configuration Debug for project axi_gpio ****
make pre-build main-build 
a9-linaro-pre-build-step
' '
'Building file: ../src/main.c'
'Invoking: ARM v7 gcc compiler'
arm-none-eabi-gcc -Wall -O0 -g3 -c -fmessage-length=0 -MT"src/main.o" -mcpu=cortex-a9 -mfpu=vfpv3 -mfloat-abi=hard -I../../axi_gpio_bsp/ps7_cortexa9_0/include -MMD -MP -MF"src/main.d" -MT"src/main.o" -o "src/main.o" "../src/main.c"
'Finished building: ../src/main.c'
' '
'Building target: axi_gpio.elf'
'Invoking: ARM v7 gcc linker'
arm-none-eabi-gcc -mcpu=cortex-a9 -mfpu=vfpv3 -mfloat-abi=hard -Wl,-build-id=none -specs=Xilinx.spec -Wl,-T -Wl,../src/lscript.ld -L../../axi_gpio_bsp/ps7_cortexa9_0/lib -o "axi_gpio.elf"  ./src/main.o   -Wl,--start-group,-lxil,-lgcc,-lc,--end-group
'Finished building target: axi_gpio.elf'
' '
'Invoking: ARM v7 Print Size'
arm-none-eabi-size axi_gpio.elf  |tee "axi_gpio.elf.size"
   text	   data	    bss	    dec	    hex	filename
  82004	   4168	  23392	 109564	  1abfc	axi_gpio.elf
'Finished building: axi_gpio.elf.size'
' '
18:25:23 **** Auto Build of configuration Debug for project axi_gpio ****
make pre-build main-build 
a9-linaro-pre-build-step
' '
'Building file: ../src/main.c'
'Invoking: ARM v7 gcc compiler'
arm-none-eabi-gcc -Wall -O0 -g3 -c -fmessage-length=0 -MT"src/main.o" -mcpu=cortex-a9 -mfpu=vfpv3 -mfloat-abi=hard -I../../axi_gpio_bsp/ps7_cortexa9_0/include -MMD -MP -MF"src/main.d" -MT"src/main.o" -o "src/main.o" "../src/main.c"
'Finished building: ../src/main.c'
' '
'Building target: axi_gpio.elf'
'Invoking: ARM v7 gcc linker'
arm-none-eabi-gcc -mcpu=cortex-a9 -mfpu=vfpv3 -mfloat-abi=hard -Wl,-build-id=none -specs=Xilinx.spec -Wl,-T -Wl,../src/lscript.ld -L../../axi_gpio_bsp/ps7_cortexa9_0/lib -o "axi_gpio.elf"  ./src/main.o   -Wl,--start-group,-lxil,-lgcc,-lc,--end-group
'Finished building target: axi_gpio.elf'
' '
'Invoking: ARM v7 Print Size'
arm-none-eabi-size axi_gpio.elf  |tee "axi_gpio.elf.size"
   text	   data	    bss	    dec	    hex	filename
  82004	   4168	  23392	 109564	  1abfc	axi_gpio.elf
'Finished building: axi_gpio.elf.size'
' '
18:25:31 **** Auto Build of configuration Debug for project axi_gpio ****
make pre-build main-build 
a9-linaro-pre-build-step
' '
'Building file: ../src/main.c'
'Invoking: ARM v7 gcc compiler'
arm-none-eabi-gcc -Wall -O0 -g3 -c -fmessage-length=0 -MT"src/main.o" -mcpu=cortex-a9 -mfpu=vfpv3 -mfloat-abi=hard -I../../axi_gpio_bsp/ps7_cortexa9_0/include -MMD -MP -MF"src/main.d" -MT"src/main.o" -o "src/main.o" "../src/main.c"
'Finished building: ../src/main.c'
' '
'Building target: axi_gpio.elf'
'Invoking: ARM v7 gcc linker'
arm-none-eabi-gcc -mcpu=cortex-a9 -mfpu=vfpv3 -mfloat-abi=hard -Wl,-build-id=none -specs=Xilinx.spec -Wl,-T -Wl,../src/lscript.ld -L../../axi_gpio_bsp/ps7_cortexa9_0/lib -o "axi_gpio.elf"  ./src/main.o   -Wl,--start-group,-lxil,-lgcc,-lc,--end-group
'Finished building target: axi_gpio.elf'
' '
'Invoking: ARM v7 Print Size'
arm-none-eabi-size axi_gpio.elf  |tee "axi_gpio.elf.size"
   text	   data	    bss	    dec	    hex	filename
  82004	   4168	  23392	 109564	  1abfc	axi_gpio.elf
'Finished building: axi_gpio.elf.size'
' '
18:25:56 **** Auto Build of configuration Debug for project axi_gpio ****
make pre-build main-build 
a9-linaro-pre-build-step
' '
'Building file: ../src/main.c'
'Invoking: ARM v7 gcc compiler'
arm-none-eabi-gcc -Wall -O0 -g3 -c -fmessage-length=0 -MT"src/main.o" -mcpu=cortex-a9 -mfpu=vfpv3 -mfloat-abi=hard -I../../axi_gpio_bsp/ps7_cortexa9_0/include -MMD -MP -MF"src/main.d" -MT"src/main.o" -o "src/main.o" "../src/main.c"
'Finished building: ../src/main.c'
' '
'Building target: axi_gpio.elf'
'Invoking: ARM v7 gcc linker'
arm-none-eabi-gcc -mcpu=cortex-a9 -mfpu=vfpv3 -mfloat-abi=hard -Wl,-build-id=none -specs=Xilinx.spec -Wl,-T -Wl,../src/lscript.ld -L../../axi_gpio_bsp/ps7_cortexa9_0/lib -o "axi_gpio.elf"  ./src/main.o   -Wl,--start-group,-lxil,-lgcc,-lc,--end-group
'Finished building target: axi_gpio.elf'
' '
'Invoking: ARM v7 Print Size'
arm-none-eabi-size axi_gpio.elf  |tee "axi_gpio.elf.size"
   text	   data	    bss	    dec	    hex	filename
  82004	   4168	  23392	 109564	  1abfc	axi_gpio.elf
'Finished building: axi_gpio.elf.size'
' '
18:26:08 **** Auto Build of configuration Debug for project axi_gpio ****
make pre-build main-build 
a9-linaro-pre-build-step
' '
'Building file: ../src/main.c'
'Invoking: ARM v7 gcc compiler'
arm-none-eabi-gcc -Wall -O0 -g3 -c -fmessage-length=0 -MT"src/main.o" -mcpu=cortex-a9 -mfpu=vfpv3 -mfloat-abi=hard -I../../axi_gpio_bsp/ps7_cortexa9_0/include -MMD -MP -MF"src/main.d" -MT"src/main.o" -o "src/main.o" "../src/main.c"
'Finished building: ../src/main.c'
' '
'Building target: axi_gpio.elf'
'Invoking: ARM v7 gcc linker'
arm-none-eabi-gcc -mcpu=cortex-a9 -mfpu=vfpv3 -mfloat-abi=hard -Wl,-build-id=none -specs=Xilinx.spec -Wl,-T -Wl,../src/lscript.ld -L../../axi_gpio_bsp/ps7_cortexa9_0/lib -o "axi_gpio.elf"  ./src/main.o   -Wl,--start-group,-lxil,-lgcc,-lc,--end-group
'Finished building target: axi_gpio.elf'
' '
'Invoking: ARM v7 Print Size'
arm-none-eabi-size axi_gpio.elf  |tee "axi_gpio.elf.size"
   text	   data	    bss	    dec	    hex	filename
  82004	   4168	  23392	 109564	  1abfc	axi_gpio.elf
'Finished building: axi_gpio.elf.size'
' '
18:26:21 **** Auto Build of configuration Debug for project axi_gpio ****
make pre-build main-build 
a9-linaro-pre-build-step
' '
'Building file: ../src/main.c'
'Invoking: ARM v7 gcc compiler'
arm-none-eabi-gcc -Wall -O0 -g3 -c -fmessage-length=0 -MT"src/main.o" -mcpu=cortex-a9 -mfpu=vfpv3 -mfloat-abi=hard -I../../axi_gpio_bsp/ps7_cortexa9_0/include -MMD -MP -MF"src/main.d" -MT"src/main.o" -o "src/main.o" "../src/main.c"
'Finished building: ../src/main.c'
' '
'Building target: axi_gpio.elf'
'Invoking: ARM v7 gcc linker'
arm-none-eabi-gcc -mcpu=cortex-a9 -mfpu=vfpv3 -mfloat-abi=hard -Wl,-build-id=none -specs=Xilinx.spec -Wl,-T -Wl,../src/lscript.ld -L../../axi_gpio_bsp/ps7_cortexa9_0/lib -o "axi_gpio.elf"  ./src/main.o   -Wl,--start-group,-lxil,-lgcc,-lc,--end-group
'Finished building target: axi_gpio.elf'
' '
'Invoking: ARM v7 Print Size'
arm-none-eabi-size axi_gpio.elf  |tee "axi_gpio.elf.size"
   text	   data	    bss	    dec	    hex	filename
  82004	   4168	  23392	 109564	  1abfc	axi_gpio.elf
'Finished building: axi_gpio.elf.size'
' '
18:26:48 **** Auto Build of configuration Debug for project axi_gpio ****
make pre-build main-build 
a9-linaro-pre-build-step
' '
'Building file: ../src/main.c'
'Invoking: ARM v7 gcc compiler'
arm-none-eabi-gcc -Wall -O0 -g3 -c -fmessage-length=0 -MT"src/main.o" -mcpu=cortex-a9 -mfpu=vfpv3 -mfloat-abi=hard -I../../axi_gpio_bsp/ps7_cortexa9_0/include -MMD -MP -MF"src/main.d" -MT"src/main.o" -o "src/main.o" "../src/main.c"
'Finished building: ../src/main.c'
' '
'Building target: axi_gpio.elf'
'Invoking: ARM v7 gcc linker'
arm-none-eabi-gcc -mcpu=cortex-a9 -mfpu=vfpv3 -mfloat-abi=hard -Wl,-build-id=none -specs=Xilinx.spec -Wl,-T -Wl,../src/lscript.ld -L../../axi_gpio_bsp/ps7_cortexa9_0/lib -o "axi_gpio.elf"  ./src/main.o   -Wl,--start-group,-lxil,-lgcc,-lc,--end-group
'Finished building target: axi_gpio.elf'
' '
'Invoking: ARM v7 Print Size'
arm-none-eabi-size axi_gpio.elf  |tee "axi_gpio.elf.size"
   text	   data	    bss	    dec	    hex	filename
  82004	   4168	  23392	 109564	  1abfc	axi_gpio.elf
'Finished building: axi_gpio.elf.size'
' '
18:26:54 **** Auto Build of configuration Debug for project axi_gpio ****
make pre-build main-build 
a9-linaro-pre-build-step
' '
'Building file: ../src/main.c'
'Invoking: ARM v7 gcc compiler'
arm-none-eabi-gcc -Wall -O0 -g3 -c -fmessage-length=0 -MT"src/main.o" -mcpu=cortex-a9 -mfpu=vfpv3 -mfloat-abi=hard -I../../axi_gpio_bsp/ps7_cortexa9_0/include -MMD -MP -MF"src/main.d" -MT"src/main.o" -o "src/main.o" "../src/main.c"
'Finished building: ../src/main.c'
' '
'Building target: axi_gpio.elf'
'Invoking: ARM v7 gcc linker'
arm-none-eabi-gcc -mcpu=cortex-a9 -mfpu=vfpv3 -mfloat-abi=hard -Wl,-build-id=none -specs=Xilinx.spec -Wl,-T -Wl,../src/lscript.ld -L../../axi_gpio_bsp/ps7_cortexa9_0/lib -o "axi_gpio.elf"  ./src/main.o   -Wl,--start-group,-lxil,-lgcc,-lc,--end-group
'Finished building target: axi_gpio.elf'
' '
'Invoking: ARM v7 Print Size'
arm-none-eabi-size axi_gpio.elf  |tee "axi_gpio.elf.size"
   text	   data	    bss	    dec	    hex	filename
  82004	   4168	  23392	 109564	  1abfc	axi_gpio.elf
'Finished building: axi_gpio.elf.size'
' '
18:33:36 **** Auto Build of configuration Debug for project axi_gpio ****
make pre-build main-build 
a9-linaro-pre-build-step
' '
'Building file: ../src/main.c'
'Invoking: ARM v7 gcc compiler'
arm-none-eabi-gcc -Wall -O0 -g3 -c -fmessage-length=0 -MT"src/main.o" -mcpu=cortex-a9 -mfpu=vfpv3 -mfloat-abi=hard -I../../axi_gpio_bsp/ps7_cortexa9_0/include -MMD -MP -MF"src/main.d" -MT"src/main.o" -o "src/main.o" "../src/main.c"
'Finished building: ../src/main.c'
' '
'Building target: axi_gpio.elf'
'Invoking: ARM v7 gcc linker'
arm-none-eabi-gcc -mcpu=cortex-a9 -mfpu=vfpv3 -mfloat-abi=hard -Wl,-build-id=none -specs=Xilinx.spec -Wl,-T -Wl,../src/lscript.ld -L../../axi_gpio_bsp/ps7_cortexa9_0/lib -o "axi_gpio.elf"  ./src/main.o   -Wl,--start-group,-lxil,-lgcc,-lc,--end-group
'Finished building target: axi_gpio.elf'
' '
'Invoking: ARM v7 Print Size'
arm-none-eabi-size axi_gpio.elf  |tee "axi_gpio.elf.size"
   text	   data	    bss	    dec	    hex	filename
  82004	   4168	  23392	 109564	  1abfc	axi_gpio.elf
'Finished building: axi_gpio.elf.size'
' '
18:33:40 **** Auto Build of configuration Debug for project axi_gpio ****
make pre-build main-build 
a9-linaro-pre-build-step
' '
'Building file: ../src/main.c'
'Invoking: ARM v7 gcc compiler'
arm-none-eabi-gcc -Wall -O0 -g3 -c -fmessage-length=0 -MT"src/main.o" -mcpu=cortex-a9 -mfpu=vfpv3 -mfloat-abi=hard -I../../axi_gpio_bsp/ps7_cortexa9_0/include -MMD -MP -MF"src/main.d" -MT"src/main.o" -o "src/main.o" "../src/main.c"
'Finished building: ../src/main.c'
' '
'Building target: axi_gpio.elf'
'Invoking: ARM v7 gcc linker'
arm-none-eabi-gcc -mcpu=cortex-a9 -mfpu=vfpv3 -mfloat-abi=hard -Wl,-build-id=none -specs=Xilinx.spec -Wl,-T -Wl,../src/lscript.ld -L../../axi_gpio_bsp/ps7_cortexa9_0/lib -o "axi_gpio.elf"  ./src/main.o   -Wl,--start-group,-lxil,-lgcc,-lc,--end-group
'Finished building target: axi_gpio.elf'
' '
'Invoking: ARM v7 Print Size'
arm-none-eabi-size axi_gpio.elf  |tee "axi_gpio.elf.size"
   text	   data	    bss	    dec	    hex	filename
  82004	   4168	  23392	 109564	  1abfc	axi_gpio.elf
'Finished building: axi_gpio.elf.size'
' '
18:33:49 **** Auto Build of configuration Debug for project axi_gpio ****
make pre-build main-build 
a9-linaro-pre-build-step
' '
'Building file: ../src/main.c'
'Invoking: ARM v7 gcc compiler'
arm-none-eabi-gcc -Wall -O0 -g3 -c -fmessage-length=0 -MT"src/main.o" -mcpu=cortex-a9 -mfpu=vfpv3 -mfloat-abi=hard -I../../axi_gpio_bsp/ps7_cortexa9_0/include -MMD -MP -MF"src/main.d" -MT"src/main.o" -o "src/main.o" "../src/main.c"
'Finished building: ../src/main.c'
' '
'Building target: axi_gpio.elf'
'Invoking: ARM v7 gcc linker'
arm-none-eabi-gcc -mcpu=cortex-a9 -mfpu=vfpv3 -mfloat-abi=hard -Wl,-build-id=none -specs=Xilinx.spec -Wl,-T -Wl,../src/lscript.ld -L../../axi_gpio_bsp/ps7_cortexa9_0/lib -o "axi_gpio.elf"  ./src/main.o   -Wl,--start-group,-lxil,-lgcc,-lc,--end-group
'Finished building target: axi_gpio.elf'
' '
'Invoking: ARM v7 Print Size'
arm-none-eabi-size axi_gpio.elf  |tee "axi_gpio.elf.size"
   text	   data	    bss	    dec	    hex	filename
  82004	   4168	  23392	 109564	  1abfc	axi_gpio.elf
'Finished building: axi_gpio.elf.size'
' '
18:34:20 **** Auto Build of configuration Debug for project axi_gpio ****
make pre-build main-build 
a9-linaro-pre-build-step
' '
'Building file: ../src/main.c'
'Invoking: ARM v7 gcc compiler'
arm-none-eabi-gcc -Wall -O0 -g3 -c -fmessage-length=0 -MT"src/main.o" -mcpu=cortex-a9 -mfpu=vfpv3 -mfloat-abi=hard -I../../axi_gpio_bsp/ps7_cortexa9_0/include -MMD -MP -MF"src/main.d" -MT"src/main.o" -o "src/main.o" "../src/main.c"
'Finished building: ../src/main.c'
' '
'Building target: axi_gpio.elf'
'Invoking: ARM v7 gcc linker'
arm-none-eabi-gcc -mcpu=cortex-a9 -mfpu=vfpv3 -mfloat-abi=hard -Wl,-build-id=none -specs=Xilinx.spec -Wl,-T -Wl,../src/lscript.ld -L../../axi_gpio_bsp/ps7_cortexa9_0/lib -o "axi_gpio.elf"  ./src/main.o   -Wl,--start-group,-lxil,-lgcc,-lc,--end-group
'Finished building target: axi_gpio.elf'
' '
'Invoking: ARM v7 Print Size'
arm-none-eabi-size axi_gpio.elf  |tee "axi_gpio.elf.size"
   text	   data	    bss	    dec	    hex	filename
  82004	   4168	  23392	 109564	  1abfc	axi_gpio.elf
'Finished building: axi_gpio.elf.size'
' '
18:34:28 **** Auto Build of configuration Debug for project axi_gpio ****
make pre-build main-build 
a9-linaro-pre-build-step
' '
'Building file: ../src/main.c'
'Invoking: ARM v7 gcc compiler'
arm-none-eabi-gcc -Wall -O0 -g3 -c -fmessage-length=0 -MT"src/main.o" -mcpu=cortex-a9 -mfpu=vfpv3 -mfloat-abi=hard -I../../axi_gpio_bsp/ps7_cortexa9_0/include -MMD -MP -MF"src/main.d" -MT"src/main.o" -o "src/main.o" "../src/main.c"
'Finished building: ../src/main.c'
' '
'Building target: axi_gpio.elf'
'Invoking: ARM v7 gcc linker'
arm-none-eabi-gcc -mcpu=cortex-a9 -mfpu=vfpv3 -mfloat-abi=hard -Wl,-build-id=none -specs=Xilinx.spec -Wl,-T -Wl,../src/lscript.ld -L../../axi_gpio_bsp/ps7_cortexa9_0/lib -o "axi_gpio.elf"  ./src/main.o   -Wl,--start-group,-lxil,-lgcc,-lc,--end-group
'Finished building target: axi_gpio.elf'
' '
'Invoking: ARM v7 Print Size'
arm-none-eabi-size axi_gpio.elf  |tee "axi_gpio.elf.size"
   text	   data	    bss	    dec	    hex	filename
  82004	   4168	  23392	 109564	  1abfc	axi_gpio.elf
'Finished building: axi_gpio.elf.size'
' '
18:34:35 **** Auto Build of configuration Debug for project axi_gpio ****
make pre-build main-build 
a9-linaro-pre-build-step
' '
'Building file: ../src/main.c'
'Invoking: ARM v7 gcc compiler'
arm-none-eabi-gcc -Wall -O0 -g3 -c -fmessage-length=0 -MT"src/main.o" -mcpu=cortex-a9 -mfpu=vfpv3 -mfloat-abi=hard -I../../axi_gpio_bsp/ps7_cortexa9_0/include -MMD -MP -MF"src/main.d" -MT"src/main.o" -o "src/main.o" "../src/main.c"
'Finished building: ../src/main.c'
' '
'Building target: axi_gpio.elf'
'Invoking: ARM v7 gcc linker'
arm-none-eabi-gcc -mcpu=cortex-a9 -mfpu=vfpv3 -mfloat-abi=hard -Wl,-build-id=none -specs=Xilinx.spec -Wl,-T -Wl,../src/lscript.ld -L../../axi_gpio_bsp/ps7_cortexa9_0/lib -o "axi_gpio.elf"  ./src/main.o   -Wl,--start-group,-lxil,-lgcc,-lc,--end-group
'Finished building target: axi_gpio.elf'
' '
'Invoking: ARM v7 Print Size'
arm-none-eabi-size axi_gpio.elf  |tee "axi_gpio.elf.size"
   text	   data	    bss	    dec	    hex	filename
  82004	   4168	  23392	 109564	  1abfc	axi_gpio.elf
'Finished building: axi_gpio.elf.size'
' '
18:36:12 **** Auto Build of configuration Debug for project axi_gpio ****
make pre-build main-build 
a9-linaro-pre-build-step
' '
'Building file: ../src/main.c'
'Invoking: ARM v7 gcc compiler'
arm-none-eabi-gcc -Wall -O0 -g3 -c -fmessage-length=0 -MT"src/main.o" -mcpu=cortex-a9 -mfpu=vfpv3 -mfloat-abi=hard -I../../axi_gpio_bsp/ps7_cortexa9_0/include -MMD -MP -MF"src/main.d" -MT"src/main.o" -o "src/main.o" "../src/main.c"
'Finished building: ../src/main.c'
' '
'Building target: axi_gpio.elf'
'Invoking: ARM v7 gcc linker'
arm-none-eabi-gcc -mcpu=cortex-a9 -mfpu=vfpv3 -mfloat-abi=hard -Wl,-build-id=none -specs=Xilinx.spec -Wl,-T -Wl,../src/lscript.ld -L../../axi_gpio_bsp/ps7_cortexa9_0/lib -o "axi_gpio.elf"  ./src/main.o   -Wl,--start-group,-lxil,-lgcc,-lc,--end-group
'Finished building target: axi_gpio.elf'
' '
'Invoking: ARM v7 Print Size'
arm-none-eabi-size axi_gpio.elf  |tee "axi_gpio.elf.size"
   text	   data	    bss	    dec	    hex	filename
  82004	   4168	  23392	 109564	  1abfc	axi_gpio.elf
'Finished building: axi_gpio.elf.size'
' '
18:36:37 **** Auto Build of configuration Debug for project axi_gpio ****
make pre-build main-build 
a9-linaro-pre-build-step
' '
'Building file: ../src/main.c'
'Invoking: ARM v7 gcc compiler'
arm-none-eabi-gcc -Wall -O0 -g3 -c -fmessage-length=0 -MT"src/main.o" -mcpu=cortex-a9 -mfpu=vfpv3 -mfloat-abi=hard -I../../axi_gpio_bsp/ps7_cortexa9_0/include -MMD -MP -MF"src/main.d" -MT"src/main.o" -o "src/main.o" "../src/main.c"
'Finished building: ../src/main.c'
' '
'Building target: axi_gpio.elf'
'Invoking: ARM v7 gcc linker'
arm-none-eabi-gcc -mcpu=cortex-a9 -mfpu=vfpv3 -mfloat-abi=hard -Wl,-build-id=none -specs=Xilinx.spec -Wl,-T -Wl,../src/lscript.ld -L../../axi_gpio_bsp/ps7_cortexa9_0/lib -o "axi_gpio.elf"  ./src/main.o   -Wl,--start-group,-lxil,-lgcc,-lc,--end-group
'Finished building target: axi_gpio.elf'
' '
'Invoking: ARM v7 Print Size'
arm-none-eabi-size axi_gpio.elf  |tee "axi_gpio.elf.size"
   text	   data	    bss	    dec	    hex	filename
  82004	   4168	  23392	 109564	  1abfc	axi_gpio.elf
'Finished building: axi_gpio.elf.size'
' '
18:36:51 **** Auto Build of configuration Debug for project axi_gpio ****
make pre-build main-build 
a9-linaro-pre-build-step
' '
'Building file: ../src/main.c'
'Invoking: ARM v7 gcc compiler'
arm-none-eabi-gcc -Wall -O0 -g3 -c -fmessage-length=0 -MT"src/main.o" -mcpu=cortex-a9 -mfpu=vfpv3 -mfloat-abi=hard -I../../axi_gpio_bsp/ps7_cortexa9_0/include -MMD -MP -MF"src/main.d" -MT"src/main.o" -o "src/main.o" "../src/main.c"
'Finished building: ../src/main.c'
' '
'Building target: axi_gpio.elf'
'Invoking: ARM v7 gcc linker'
arm-none-eabi-gcc -mcpu=cortex-a9 -mfpu=vfpv3 -mfloat-abi=hard -Wl,-build-id=none -specs=Xilinx.spec -Wl,-T -Wl,../src/lscript.ld -L../../axi_gpio_bsp/ps7_cortexa9_0/lib -o "axi_gpio.elf"  ./src/main.o   -Wl,--start-group,-lxil,-lgcc,-lc,--end-group
'Finished building target: axi_gpio.elf'
' '
'Invoking: ARM v7 Print Size'
arm-none-eabi-size axi_gpio.elf  |tee "axi_gpio.elf.size"
   text	   data	    bss	    dec	    hex	filename
  82004	   4168	  23392	 109564	  1abfc	axi_gpio.elf
'Finished building: axi_gpio.elf.size'
' '
18:37:00 **** Auto Build of configuration Debug for project axi_gpio ****
make pre-build main-build 
a9-linaro-pre-build-step
' '
'Building file: ../src/main.c'
'Invoking: ARM v7 gcc compiler'
arm-none-eabi-gcc -Wall -O0 -g3 -c -fmessage-length=0 -MT"src/main.o" -mcpu=cortex-a9 -mfpu=vfpv3 -mfloat-abi=hard -I../../axi_gpio_bsp/ps7_cortexa9_0/include -MMD -MP -MF"src/main.d" -MT"src/main.o" -o "src/main.o" "../src/main.c"
'Finished building: ../src/main.c'
' '
'Building target: axi_gpio.elf'
'Invoking: ARM v7 gcc linker'
arm-none-eabi-gcc -mcpu=cortex-a9 -mfpu=vfpv3 -mfloat-abi=hard -Wl,-build-id=none -specs=Xilinx.spec -Wl,-T -Wl,../src/lscript.ld -L../../axi_gpio_bsp/ps7_cortexa9_0/lib -o "axi_gpio.elf"  ./src/main.o   -Wl,--start-group,-lxil,-lgcc,-lc,--end-group
'Finished building target: axi_gpio.elf'
' '
'Invoking: ARM v7 Print Size'
arm-none-eabi-size axi_gpio.elf  |tee "axi_gpio.elf.size"
   text	   data	    bss	    dec	    hex	filename
  82004	   4168	  23392	 109564	  1abfc	axi_gpio.elf
'Finished building: axi_gpio.elf.size'
' '
18:37:04 **** Auto Build of configuration Debug for project axi_gpio ****
make pre-build main-build 
a9-linaro-pre-build-step
' '
'Building file: ../src/main.c'
'Invoking: ARM v7 gcc compiler'
arm-none-eabi-gcc -Wall -O0 -g3 -c -fmessage-length=0 -MT"src/main.o" -mcpu=cortex-a9 -mfpu=vfpv3 -mfloat-abi=hard -I../../axi_gpio_bsp/ps7_cortexa9_0/include -MMD -MP -MF"src/main.d" -MT"src/main.o" -o "src/main.o" "../src/main.c"
'Finished building: ../src/main.c'
' '
'Building target: axi_gpio.elf'
'Invoking: ARM v7 gcc linker'
arm-none-eabi-gcc -mcpu=cortex-a9 -mfpu=vfpv3 -mfloat-abi=hard -Wl,-build-id=none -specs=Xilinx.spec -Wl,-T -Wl,../src/lscript.ld -L../../axi_gpio_bsp/ps7_cortexa9_0/lib -o "axi_gpio.elf"  ./src/main.o   -Wl,--start-group,-lxil,-lgcc,-lc,--end-group
'Finished building target: axi_gpio.elf'
' '
'Invoking: ARM v7 Print Size'
arm-none-eabi-size axi_gpio.elf  |tee "axi_gpio.elf.size"
   text	   data	    bss	    dec	    hex	filename
  82004	   4168	  23392	 109564	  1abfc	axi_gpio.elf
'Finished building: axi_gpio.elf.size'
' '
18:38:20 **** Auto Build of configuration Debug for project axi_gpio ****
make pre-build main-build 
a9-linaro-pre-build-step
' '
'Building file: ../src/main.c'
'Invoking: ARM v7 gcc compiler'
arm-none-eabi-gcc -Wall -O0 -g3 -c -fmessage-length=0 -MT"src/main.o" -mcpu=cortex-a9 -mfpu=vfpv3 -mfloat-abi=hard -I../../axi_gpio_bsp/ps7_cortexa9_0/include -MMD -MP -MF"src/main.d" -MT"src/main.o" -o "src/main.o" "../src/main.c"
'Finished building: ../src/main.c'
' '
'Building target: axi_gpio.elf'
'Invoking: ARM v7 gcc linker'
arm-none-eabi-gcc -mcpu=cortex-a9 -mfpu=vfpv3 -mfloat-abi=hard -Wl,-build-id=none -specs=Xilinx.spec -Wl,-T -Wl,../src/lscript.ld -L../../axi_gpio_bsp/ps7_cortexa9_0/lib -o "axi_gpio.elf"  ./src/main.o   -Wl,--start-group,-lxil,-lgcc,-lc,--end-group
'Finished building target: axi_gpio.elf'
' '
'Invoking: ARM v7 Print Size'
arm-none-eabi-size axi_gpio.elf  |tee "axi_gpio.elf.size"
   text	   data	    bss	    dec	    hex	filename
  82004	   4168	  23392	 109564	  1abfc	axi_gpio.elf
'Finished building: axi_gpio.elf.size'
' '
18:39:25 **** Auto Build of configuration Debug for project axi_gpio ****
make pre-build main-build 
a9-linaro-pre-build-step
' '
'Building file: ../src/main.c'
'Invoking: ARM v7 gcc compiler'
arm-none-eabi-gcc -Wall -O0 -g3 -c -fmessage-length=0 -MT"src/main.o" -mcpu=cortex-a9 -mfpu=vfpv3 -mfloat-abi=hard -I../../axi_gpio_bsp/ps7_cortexa9_0/include -MMD -MP -MF"src/main.d" -MT"src/main.o" -o "src/main.o" "../src/main.c"
../src/main.c:42:7: error: conflicting types for 'Gpio'
 XGpio Gpio; /* The Instance of the GPIO Driver */
       ^
../src/main.c:39:9: note: previous declaration of 'Gpio' was here
 XGpioPs Gpio; /* The driver instance for GPIO Device. */
         ^
../src/main.c:43:1: error: unknown type name 'INTC'
 INTC Intc; /* The Instance of the Interrupt Controller Driver */
 ^
../src/main.c:43:6: error: conflicting types for 'Intc'
 INTC Intc; /* The Instance of the Interrupt Controller Driver */
      ^
../src/main.c:40:9: note: previous declaration of 'Intc' was here
 XScuGic Intc; /* The Instance of the Interrupt Controller Driver */
         ^
../src/main.c: In function 'IntrHandler':
../src/main.c:110:25: warning: passing argument 1 of 'XGpioPs_IntrDisablePin' from incompatible pointer type [-Wincompatible-pointer-types]
  XGpioPs_IntrDisablePin(&Gpio, MIO_KEY1);
                         ^
In file included from ../src/main.c:10:0:
../../axi_gpio_bsp/ps7_cortexa9_0/include/xgpiops.h:255:6: note: expected 'XGpioPs * {aka struct <anonymous> *}' but argument is of type 'XGpio * {aka struct <anonymous> *}'
 void XGpioPs_IntrDisablePin(XGpioPs *InstancePtr, u32 Pin);
      ^
../src/main.c: In function 'main':
../src/main.c:121:37: warning: passing argument 1 of 'XGpioPs_CfgInitialize' from incompatible pointer type [-Wincompatible-pointer-types]
  int Status = XGpioPs_CfgInitialize(&Gpio, ConfigPtr, ConfigPtr->BaseAddr);
                                     ^
In file included from ../src/main.c:10:0:
../../axi_gpio_bsp/ps7_cortexa9_0/include/xgpiops.h:212:5: note: expected 'XGpioPs * {aka struct <anonymous> *}' but argument is of type 'XGpio * {aka struct <anonymous> *}'
 s32 XGpioPs_CfgInitialize(XGpioPs *InstancePtr, XGpioPs_Config *ConfigPtr,
     ^
../src/main.c:128:26: warning: passing argument 1 of 'XGpioPs_SetDirectionPin' from incompatible pointer type [-Wincompatible-pointer-types]
  XGpioPs_SetDirectionPin(&Gpio, MIO50_LED1, 1);
                          ^
In file included from ../src/main.c:10:0:
../../axi_gpio_bsp/ps7_cortexa9_0/include/xgpiops.h:227:6: note: expected 'XGpioPs * {aka struct <anonymous> *}' but argument is of type 'XGpio * {aka struct <anonymous> *}'
 void XGpioPs_SetDirectionPin(XGpioPs *InstancePtr, u32 Pin, u32 Direction);
      ^
../src/main.c:131:29: warning: passing argument 1 of 'XGpioPs_SetOutputEnablePin' from incompatible pointer type [-Wincompatible-pointer-types]
  XGpioPs_SetOutputEnablePin(&Gpio, MIO50_LED1, 1);
                             ^
In file included from ../src/main.c:10:0:
../../axi_gpio_bsp/ps7_cortexa9_0/include/xgpiops.h:229:6: note: expected 'XGpioPs * {aka struct <anonymous> *}' but argument is of type 'XGpio * {aka struct <anonymous> *}'
 void XGpioPs_SetOutputEnablePin(XGpioPs *InstancePtr, u32 Pin, u32 OpEnable);
      ^
../src/main.c:134:23: warning: passing argument 1 of 'SetupInterruptSystem' from incompatible pointer type [-Wincompatible-pointer-types]
  SetupInterruptSystem(&Intc, &Gpio, PS_GPIO_INTERRUPT_ID);
                       ^
../src/main.c:72:6: note: expected 'XScuGic * {aka struct <anonymous> *}' but argument is of type 'int *'
 void SetupInterruptSystem(XScuGic *GicInstancePtr, XGpioPs *Gpio,
      ^
../src/main.c:134:30: warning: passing argument 2 of 'SetupInterruptSystem' from incompatible pointer type [-Wincompatible-pointer-types]
  SetupInterruptSystem(&Intc, &Gpio, PS_GPIO_INTERRUPT_ID);
                              ^
../src/main.c:72:6: note: expected 'XGpioPs * {aka struct <anonymous> *}' but argument is of type 'XGpio * {aka struct <anonymous> *}'
 void SetupInterruptSystem(XScuGic *GicInstancePtr, XGpioPs *Gpio,
      ^
../src/main.c:143:25: warning: passing argument 1 of 'XGpioPs_IntrClearPin' from incompatible pointer type [-Wincompatible-pointer-types]
    XGpioPs_IntrClearPin(&Gpio, MIO_KEY1);
                         ^
In file included from ../src/main.c:10:0:
../../axi_gpio_bsp/ps7_cortexa9_0/include/xgpiops.h:258:6: note: expected 'XGpioPs * {aka struct <anonymous> *}' but argument is of type 'XGpio * {aka struct <anonymous> *}'
 void XGpioPs_IntrClearPin(XGpioPs *InstancePtr, u32 Pin);
      ^
../src/main.c:146:21: warning: passing argument 1 of 'XGpioPs_WritePin' from incompatible pointer type [-Wincompatible-pointer-types]
    XGpioPs_WritePin(&Gpio, MIO50_LED1, led_value);
                     ^
In file included from ../src/main.c:10:0:
../../axi_gpio_bsp/ps7_cortexa9_0/include/xgpiops.h:226:6: note: expected 'XGpioPs * {aka struct <anonymous> *}' but argument is of type 'XGpio * {aka struct <anonymous> *}'
 void XGpioPs_WritePin(XGpioPs *InstancePtr, u32 Pin, u32 Data);
      ^
../src/main.c:152:26: warning: passing argument 1 of 'XGpioPs_IntrEnablePin' from incompatible pointer type [-Wincompatible-pointer-types]
    XGpioPs_IntrEnablePin(&Gpio, MIO_KEY1);
                          ^
In file included from ../src/main.c:10:0:
../../axi_gpio_bsp/ps7_cortexa9_0/include/xgpiops.h:254:6: note: expected 'XGpioPs * {aka struct <anonymous> *}' but argument is of type 'XGpio * {aka struct <anonymous> *}'
 void XGpioPs_IntrEnablePin(XGpioPs *InstancePtr, u32 Pin);
      ^
make: *** [src/main.o] 错误 1
18:39:52 **** Auto Build of configuration Debug for project axi_gpio ****
make pre-build main-build 
a9-linaro-pre-build-step
' '
'Building file: ../src/main.c'
'Invoking: ARM v7 gcc compiler'
arm-none-eabi-gcc -Wall -O0 -g3 -c -fmessage-length=0 -MT"src/main.o" -mcpu=cortex-a9 -mfpu=vfpv3 -mfloat-abi=hard -I../../axi_gpio_bsp/ps7_cortexa9_0/include -MMD -MP -MF"src/main.d" -MT"src/main.o" -o "src/main.o" "../src/main.c"
../src/main.c:44:1: error: unknown type name 'INTC'
 INTC Intc; /* The Instance of the Interrupt Controller Driver */
 ^
../src/main.c:44:6: error: conflicting types for 'Intc'
 INTC Intc; /* The Instance of the Interrupt Controller Driver */
      ^
../src/main.c:41:9: note: previous declaration of 'Intc' was here
 XScuGic Intc; /* The Instance of the Interrupt Controller Driver */
         ^
../src/main.c: In function 'main':
../src/main.c:135:23: warning: passing argument 1 of 'SetupInterruptSystem' from incompatible pointer type [-Wincompatible-pointer-types]
  SetupInterruptSystem(&Intc, &Gpio, PS_GPIO_INTERRUPT_ID);
                       ^
../src/main.c:73:6: note: expected 'XScuGic * {aka struct <anonymous> *}' but argument is of type 'int *'
 void SetupInterruptSystem(XScuGic *GicInstancePtr, XGpioPs *Gpio,
      ^
make: *** [src/main.o] 错误 1
18:40:57 **** Auto Build of configuration Debug for project axi_gpio ****
make pre-build main-build 
a9-linaro-pre-build-step
' '
'Building file: ../src/main.c'
'Invoking: ARM v7 gcc compiler'
arm-none-eabi-gcc -Wall -O0 -g3 -c -fmessage-length=0 -MT"src/main.o" -mcpu=cortex-a9 -mfpu=vfpv3 -mfloat-abi=hard -I../../axi_gpio_bsp/ps7_cortexa9_0/include -MMD -MP -MF"src/main.d" -MT"src/main.o" -o "src/main.o" "../src/main.c"
'Finished building: ../src/main.c'
' '
'Building target: axi_gpio.elf'
'Invoking: ARM v7 gcc linker'
arm-none-eabi-gcc -mcpu=cortex-a9 -mfpu=vfpv3 -mfloat-abi=hard -Wl,-build-id=none -specs=Xilinx.spec -Wl,-T -Wl,../src/lscript.ld -L../../axi_gpio_bsp/ps7_cortexa9_0/lib -o "axi_gpio.elf"  ./src/main.o   -Wl,--start-group,-lxil,-lgcc,-lc,--end-group
'Finished building target: axi_gpio.elf'
' '
'Invoking: ARM v7 Print Size'
arm-none-eabi-size axi_gpio.elf  |tee "axi_gpio.elf.size"
   text	   data	    bss	    dec	    hex	filename
  82004	   4168	  23408	 109580	  1ac0c	axi_gpio.elf
'Finished building: axi_gpio.elf.size'
' '
18:41:18 **** Auto Build of configuration Debug for project axi_gpio ****
make pre-build main-build 
a9-linaro-pre-build-step
' '
'Building file: ../src/main.c'
'Invoking: ARM v7 gcc compiler'
arm-none-eabi-gcc -Wall -O0 -g3 -c -fmessage-length=0 -MT"src/main.o" -mcpu=cortex-a9 -mfpu=vfpv3 -mfloat-abi=hard -I../../axi_gpio_bsp/ps7_cortexa9_0/include -MMD -MP -MF"src/main.d" -MT"src/main.o" -o "src/main.o" "../src/main.c"
'Finished building: ../src/main.c'
' '
'Building target: axi_gpio.elf'
'Invoking: ARM v7 gcc linker'
arm-none-eabi-gcc -mcpu=cortex-a9 -mfpu=vfpv3 -mfloat-abi=hard -Wl,-build-id=none -specs=Xilinx.spec -Wl,-T -Wl,../src/lscript.ld -L../../axi_gpio_bsp/ps7_cortexa9_0/lib -o "axi_gpio.elf"  ./src/main.o   -Wl,--start-group,-lxil,-lgcc,-lc,--end-group
'Finished building target: axi_gpio.elf'
' '
'Invoking: ARM v7 Print Size'
arm-none-eabi-size axi_gpio.elf  |tee "axi_gpio.elf.size"
   text	   data	    bss	    dec	    hex	filename
  82004	   4168	  23408	 109580	  1ac0c	axi_gpio.elf
'Finished building: axi_gpio.elf.size'
' '
18:41:25 **** Auto Build of configuration Debug for project axi_gpio ****
make pre-build main-build 
a9-linaro-pre-build-step
' '
'Building file: ../src/main.c'
'Invoking: ARM v7 gcc compiler'
arm-none-eabi-gcc -Wall -O0 -g3 -c -fmessage-length=0 -MT"src/main.o" -mcpu=cortex-a9 -mfpu=vfpv3 -mfloat-abi=hard -I../../axi_gpio_bsp/ps7_cortexa9_0/include -MMD -MP -MF"src/main.d" -MT"src/main.o" -o "src/main.o" "../src/main.c"
'Finished building: ../src/main.c'
' '
'Building target: axi_gpio.elf'
'Invoking: ARM v7 gcc linker'
arm-none-eabi-gcc -mcpu=cortex-a9 -mfpu=vfpv3 -mfloat-abi=hard -Wl,-build-id=none -specs=Xilinx.spec -Wl,-T -Wl,../src/lscript.ld -L../../axi_gpio_bsp/ps7_cortexa9_0/lib -o "axi_gpio.elf"  ./src/main.o   -Wl,--start-group,-lxil,-lgcc,-lc,--end-group
'Finished building target: axi_gpio.elf'
' '
'Invoking: ARM v7 Print Size'
arm-none-eabi-size axi_gpio.elf  |tee "axi_gpio.elf.size"
   text	   data	    bss	    dec	    hex	filename
  82004	   4168	  23408	 109580	  1ac0c	axi_gpio.elf
'Finished building: axi_gpio.elf.size'
' '
18:41:36 **** Auto Build of configuration Debug for project axi_gpio ****
make pre-build main-build 
a9-linaro-pre-build-step
' '
'Building file: ../src/main.c'
'Invoking: ARM v7 gcc compiler'
arm-none-eabi-gcc -Wall -O0 -g3 -c -fmessage-length=0 -MT"src/main.o" -mcpu=cortex-a9 -mfpu=vfpv3 -mfloat-abi=hard -I../../axi_gpio_bsp/ps7_cortexa9_0/include -MMD -MP -MF"src/main.d" -MT"src/main.o" -o "src/main.o" "../src/main.c"
'Finished building: ../src/main.c'
' '
'Building target: axi_gpio.elf'
'Invoking: ARM v7 gcc linker'
arm-none-eabi-gcc -mcpu=cortex-a9 -mfpu=vfpv3 -mfloat-abi=hard -Wl,-build-id=none -specs=Xilinx.spec -Wl,-T -Wl,../src/lscript.ld -L../../axi_gpio_bsp/ps7_cortexa9_0/lib -o "axi_gpio.elf"  ./src/main.o   -Wl,--start-group,-lxil,-lgcc,-lc,--end-group
'Finished building target: axi_gpio.elf'
' '
'Invoking: ARM v7 Print Size'
arm-none-eabi-size axi_gpio.elf  |tee "axi_gpio.elf.size"
   text	   data	    bss	    dec	    hex	filename
  82004	   4168	  23408	 109580	  1ac0c	axi_gpio.elf
'Finished building: axi_gpio.elf.size'
' '
18:42:16 **** Auto Build of configuration Debug for project axi_gpio ****
make pre-build main-build 
a9-linaro-pre-build-step
' '
'Building file: ../src/main.c'
'Invoking: ARM v7 gcc compiler'
arm-none-eabi-gcc -Wall -O0 -g3 -c -fmessage-length=0 -MT"src/main.o" -mcpu=cortex-a9 -mfpu=vfpv3 -mfloat-abi=hard -I../../axi_gpio_bsp/ps7_cortexa9_0/include -MMD -MP -MF"src/main.d" -MT"src/main.o" -o "src/main.o" "../src/main.c"
'Finished building: ../src/main.c'
' '
'Building target: axi_gpio.elf'
'Invoking: ARM v7 gcc linker'
arm-none-eabi-gcc -mcpu=cortex-a9 -mfpu=vfpv3 -mfloat-abi=hard -Wl,-build-id=none -specs=Xilinx.spec -Wl,-T -Wl,../src/lscript.ld -L../../axi_gpio_bsp/ps7_cortexa9_0/lib -o "axi_gpio.elf"  ./src/main.o   -Wl,--start-group,-lxil,-lgcc,-lc,--end-group
'Finished building target: axi_gpio.elf'
' '
'Invoking: ARM v7 Print Size'
arm-none-eabi-size axi_gpio.elf  |tee "axi_gpio.elf.size"
   text	   data	    bss	    dec	    hex	filename
  82012	   4168	  23408	 109588	  1ac14	axi_gpio.elf
'Finished building: axi_gpio.elf.size'
' '
18:42:38 **** Auto Build of configuration Debug for project axi_gpio ****
make pre-build main-build 
a9-linaro-pre-build-step
' '
'Building file: ../src/main.c'
'Invoking: ARM v7 gcc compiler'
arm-none-eabi-gcc -Wall -O0 -g3 -c -fmessage-length=0 -MT"src/main.o" -mcpu=cortex-a9 -mfpu=vfpv3 -mfloat-abi=hard -I../../axi_gpio_bsp/ps7_cortexa9_0/include -MMD -MP -MF"src/main.d" -MT"src/main.o" -o "src/main.o" "../src/main.c"
'Finished building: ../src/main.c'
' '
'Building target: axi_gpio.elf'
'Invoking: ARM v7 gcc linker'
arm-none-eabi-gcc -mcpu=cortex-a9 -mfpu=vfpv3 -mfloat-abi=hard -Wl,-build-id=none -specs=Xilinx.spec -Wl,-T -Wl,../src/lscript.ld -L../../axi_gpio_bsp/ps7_cortexa9_0/lib -o "axi_gpio.elf"  ./src/main.o   -Wl,--start-group,-lxil,-lgcc,-lc,--end-group
'Finished building target: axi_gpio.elf'
' '
'Invoking: ARM v7 Print Size'
arm-none-eabi-size axi_gpio.elf  |tee "axi_gpio.elf.size"
   text	   data	    bss	    dec	    hex	filename
  82012	   4168	  23408	 109588	  1ac14	axi_gpio.elf
'Finished building: axi_gpio.elf.size'
' '
18:43:33 **** Auto Build of configuration Debug for project axi_gpio ****
make pre-build main-build 
a9-linaro-pre-build-step
' '
'Building file: ../src/main.c'
'Invoking: ARM v7 gcc compiler'
arm-none-eabi-gcc -Wall -O0 -g3 -c -fmessage-length=0 -MT"src/main.o" -mcpu=cortex-a9 -mfpu=vfpv3 -mfloat-abi=hard -I../../axi_gpio_bsp/ps7_cortexa9_0/include -MMD -MP -MF"src/main.d" -MT"src/main.o" -o "src/main.o" "../src/main.c"
'Finished building: ../src/main.c'
' '
'Building target: axi_gpio.elf'
'Invoking: ARM v7 gcc linker'
arm-none-eabi-gcc -mcpu=cortex-a9 -mfpu=vfpv3 -mfloat-abi=hard -Wl,-build-id=none -specs=Xilinx.spec -Wl,-T -Wl,../src/lscript.ld -L../../axi_gpio_bsp/ps7_cortexa9_0/lib -o "axi_gpio.elf"  ./src/main.o   -Wl,--start-group,-lxil,-lgcc,-lc,--end-group
'Finished building target: axi_gpio.elf'
' '
'Invoking: ARM v7 Print Size'
arm-none-eabi-size axi_gpio.elf  |tee "axi_gpio.elf.size"
   text	   data	    bss	    dec	    hex	filename
  82012	   4168	  23408	 109588	  1ac14	axi_gpio.elf
'Finished building: axi_gpio.elf.size'
' '
18:44:02 **** Auto Build of configuration Debug for project axi_gpio ****
make pre-build main-build 
a9-linaro-pre-build-step
' '
'Building file: ../src/main.c'
'Invoking: ARM v7 gcc compiler'
arm-none-eabi-gcc -Wall -O0 -g3 -c -fmessage-length=0 -MT"src/main.o" -mcpu=cortex-a9 -mfpu=vfpv3 -mfloat-abi=hard -I../../axi_gpio_bsp/ps7_cortexa9_0/include -MMD -MP -MF"src/main.d" -MT"src/main.o" -o "src/main.o" "../src/main.c"
'Finished building: ../src/main.c'
' '
'Building target: axi_gpio.elf'
'Invoking: ARM v7 gcc linker'
arm-none-eabi-gcc -mcpu=cortex-a9 -mfpu=vfpv3 -mfloat-abi=hard -Wl,-build-id=none -specs=Xilinx.spec -Wl,-T -Wl,../src/lscript.ld -L../../axi_gpio_bsp/ps7_cortexa9_0/lib -o "axi_gpio.elf"  ./src/main.o   -Wl,--start-group,-lxil,-lgcc,-lc,--end-group
'Finished building target: axi_gpio.elf'
' '
'Invoking: ARM v7 Print Size'
arm-none-eabi-size axi_gpio.elf  |tee "axi_gpio.elf.size"
   text	   data	    bss	    dec	    hex	filename
  82012	   4168	  23408	 109588	  1ac14	axi_gpio.elf
'Finished building: axi_gpio.elf.size'
' '
18:44:16 **** Auto Build of configuration Debug for project axi_gpio ****
make pre-build main-build 
a9-linaro-pre-build-step
' '
'Building file: ../src/main.c'
'Invoking: ARM v7 gcc compiler'
arm-none-eabi-gcc -Wall -O0 -g3 -c -fmessage-length=0 -MT"src/main.o" -mcpu=cortex-a9 -mfpu=vfpv3 -mfloat-abi=hard -I../../axi_gpio_bsp/ps7_cortexa9_0/include -MMD -MP -MF"src/main.d" -MT"src/main.o" -o "src/main.o" "../src/main.c"
'Finished building: ../src/main.c'
' '
'Building target: axi_gpio.elf'
'Invoking: ARM v7 gcc linker'
arm-none-eabi-gcc -mcpu=cortex-a9 -mfpu=vfpv3 -mfloat-abi=hard -Wl,-build-id=none -specs=Xilinx.spec -Wl,-T -Wl,../src/lscript.ld -L../../axi_gpio_bsp/ps7_cortexa9_0/lib -o "axi_gpio.elf"  ./src/main.o   -Wl,--start-group,-lxil,-lgcc,-lc,--end-group
'Finished building target: axi_gpio.elf'
' '
'Invoking: ARM v7 Print Size'
arm-none-eabi-size axi_gpio.elf  |tee "axi_gpio.elf.size"
   text	   data	    bss	    dec	    hex	filename
  82012	   4168	  23408	 109588	  1ac14	axi_gpio.elf
'Finished building: axi_gpio.elf.size'
' '
18:44:30 **** Auto Build of configuration Debug for project axi_gpio ****
make pre-build main-build 
a9-linaro-pre-build-step
' '
'Building file: ../src/main.c'
'Invoking: ARM v7 gcc compiler'
arm-none-eabi-gcc -Wall -O0 -g3 -c -fmessage-length=0 -MT"src/main.o" -mcpu=cortex-a9 -mfpu=vfpv3 -mfloat-abi=hard -I../../axi_gpio_bsp/ps7_cortexa9_0/include -MMD -MP -MF"src/main.d" -MT"src/main.o" -o "src/main.o" "../src/main.c"
'Finished building: ../src/main.c'
' '
'Building target: axi_gpio.elf'
'Invoking: ARM v7 gcc linker'
arm-none-eabi-gcc -mcpu=cortex-a9 -mfpu=vfpv3 -mfloat-abi=hard -Wl,-build-id=none -specs=Xilinx.spec -Wl,-T -Wl,../src/lscript.ld -L../../axi_gpio_bsp/ps7_cortexa9_0/lib -o "axi_gpio.elf"  ./src/main.o   -Wl,--start-group,-lxil,-lgcc,-lc,--end-group
'Finished building target: axi_gpio.elf'
' '
'Invoking: ARM v7 Print Size'
arm-none-eabi-size axi_gpio.elf  |tee "axi_gpio.elf.size"
   text	   data	    bss	    dec	    hex	filename
  82012	   4168	  23408	 109588	  1ac14	axi_gpio.elf
'Finished building: axi_gpio.elf.size'
' '
18:44:34 **** Auto Build of configuration Debug for project axi_gpio ****
make pre-build main-build 
a9-linaro-pre-build-step
' '
'Building file: ../src/main.c'
'Invoking: ARM v7 gcc compiler'
arm-none-eabi-gcc -Wall -O0 -g3 -c -fmessage-length=0 -MT"src/main.o" -mcpu=cortex-a9 -mfpu=vfpv3 -mfloat-abi=hard -I../../axi_gpio_bsp/ps7_cortexa9_0/include -MMD -MP -MF"src/main.d" -MT"src/main.o" -o "src/main.o" "../src/main.c"
'Finished building: ../src/main.c'
' '
'Building target: axi_gpio.elf'
'Invoking: ARM v7 gcc linker'
arm-none-eabi-gcc -mcpu=cortex-a9 -mfpu=vfpv3 -mfloat-abi=hard -Wl,-build-id=none -specs=Xilinx.spec -Wl,-T -Wl,../src/lscript.ld -L../../axi_gpio_bsp/ps7_cortexa9_0/lib -o "axi_gpio.elf"  ./src/main.o   -Wl,--start-group,-lxil,-lgcc,-lc,--end-group
'Finished building target: axi_gpio.elf'
' '
'Invoking: ARM v7 Print Size'
arm-none-eabi-size axi_gpio.elf  |tee "axi_gpio.elf.size"
   text	   data	    bss	    dec	    hex	filename
  82012	   4168	  23408	 109588	  1ac14	axi_gpio.elf
'Finished building: axi_gpio.elf.size'
' '
18:44:38 **** Auto Build of configuration Debug for project axi_gpio ****
make pre-build main-build 
a9-linaro-pre-build-step
' '
'Building file: ../src/main.c'
'Invoking: ARM v7 gcc compiler'
arm-none-eabi-gcc -Wall -O0 -g3 -c -fmessage-length=0 -MT"src/main.o" -mcpu=cortex-a9 -mfpu=vfpv3 -mfloat-abi=hard -I../../axi_gpio_bsp/ps7_cortexa9_0/include -MMD -MP -MF"src/main.d" -MT"src/main.o" -o "src/main.o" "../src/main.c"
'Finished building: ../src/main.c'
' '
'Building target: axi_gpio.elf'
'Invoking: ARM v7 gcc linker'
arm-none-eabi-gcc -mcpu=cortex-a9 -mfpu=vfpv3 -mfloat-abi=hard -Wl,-build-id=none -specs=Xilinx.spec -Wl,-T -Wl,../src/lscript.ld -L../../axi_gpio_bsp/ps7_cortexa9_0/lib -o "axi_gpio.elf"  ./src/main.o   -Wl,--start-group,-lxil,-lgcc,-lc,--end-group
'Finished building target: axi_gpio.elf'
' '
'Invoking: ARM v7 Print Size'
arm-none-eabi-size axi_gpio.elf  |tee "axi_gpio.elf.size"
   text	   data	    bss	    dec	    hex	filename
  82012	   4168	  23408	 109588	  1ac14	axi_gpio.elf
'Finished building: axi_gpio.elf.size'
' '
18:45:11 **** Auto Build of configuration Debug for project axi_gpio ****
make pre-build main-build 
a9-linaro-pre-build-step
' '
'Building file: ../src/main.c'
'Invoking: ARM v7 gcc compiler'
arm-none-eabi-gcc -Wall -O0 -g3 -c -fmessage-length=0 -MT"src/main.o" -mcpu=cortex-a9 -mfpu=vfpv3 -mfloat-abi=hard -I../../axi_gpio_bsp/ps7_cortexa9_0/include -MMD -MP -MF"src/main.d" -MT"src/main.o" -o "src/main.o" "../src/main.c"
'Finished building: ../src/main.c'
' '
'Building target: axi_gpio.elf'
'Invoking: ARM v7 gcc linker'
arm-none-eabi-gcc -mcpu=cortex-a9 -mfpu=vfpv3 -mfloat-abi=hard -Wl,-build-id=none -specs=Xilinx.spec -Wl,-T -Wl,../src/lscript.ld -L../../axi_gpio_bsp/ps7_cortexa9_0/lib -o "axi_gpio.elf"  ./src/main.o   -Wl,--start-group,-lxil,-lgcc,-lc,--end-group
'Finished building target: axi_gpio.elf'
' '
'Invoking: ARM v7 Print Size'
arm-none-eabi-size axi_gpio.elf  |tee "axi_gpio.elf.size"
   text	   data	    bss	    dec	    hex	filename
  82012	   4168	  23408	 109588	  1ac14	axi_gpio.elf
'Finished building: axi_gpio.elf.size'
' '
18:45:20 **** Auto Build of configuration Debug for project axi_gpio ****
make pre-build main-build 
a9-linaro-pre-build-step
' '
'Building file: ../src/main.c'
'Invoking: ARM v7 gcc compiler'
arm-none-eabi-gcc -Wall -O0 -g3 -c -fmessage-length=0 -MT"src/main.o" -mcpu=cortex-a9 -mfpu=vfpv3 -mfloat-abi=hard -I../../axi_gpio_bsp/ps7_cortexa9_0/include -MMD -MP -MF"src/main.d" -MT"src/main.o" -o "src/main.o" "../src/main.c"
'Finished building: ../src/main.c'
' '
'Building target: axi_gpio.elf'
'Invoking: ARM v7 gcc linker'
arm-none-eabi-gcc -mcpu=cortex-a9 -mfpu=vfpv3 -mfloat-abi=hard -Wl,-build-id=none -specs=Xilinx.spec -Wl,-T -Wl,../src/lscript.ld -L../../axi_gpio_bsp/ps7_cortexa9_0/lib -o "axi_gpio.elf"  ./src/main.o   -Wl,--start-group,-lxil,-lgcc,-lc,--end-group
'Finished building target: axi_gpio.elf'
' '
'Invoking: ARM v7 Print Size'
arm-none-eabi-size axi_gpio.elf  |tee "axi_gpio.elf.size"
   text	   data	    bss	    dec	    hex	filename
  82012	   4168	  23408	 109588	  1ac14	axi_gpio.elf
'Finished building: axi_gpio.elf.size'
' '
18:45:27 **** Auto Build of configuration Debug for project axi_gpio ****
make pre-build main-build 
a9-linaro-pre-build-step
' '
'Building file: ../src/main.c'
'Invoking: ARM v7 gcc compiler'
arm-none-eabi-gcc -Wall -O0 -g3 -c -fmessage-length=0 -MT"src/main.o" -mcpu=cortex-a9 -mfpu=vfpv3 -mfloat-abi=hard -I../../axi_gpio_bsp/ps7_cortexa9_0/include -MMD -MP -MF"src/main.d" -MT"src/main.o" -o "src/main.o" "../src/main.c"
'Finished building: ../src/main.c'
' '
'Building target: axi_gpio.elf'
'Invoking: ARM v7 gcc linker'
arm-none-eabi-gcc -mcpu=cortex-a9 -mfpu=vfpv3 -mfloat-abi=hard -Wl,-build-id=none -specs=Xilinx.spec -Wl,-T -Wl,../src/lscript.ld -L../../axi_gpio_bsp/ps7_cortexa9_0/lib -o "axi_gpio.elf"  ./src/main.o   -Wl,--start-group,-lxil,-lgcc,-lc,--end-group
'Finished building target: axi_gpio.elf'
' '
'Invoking: ARM v7 Print Size'
arm-none-eabi-size axi_gpio.elf  |tee "axi_gpio.elf.size"
   text	   data	    bss	    dec	    hex	filename
  82012	   4168	  23408	 109588	  1ac14	axi_gpio.elf
'Finished building: axi_gpio.elf.size'
' '
18:45:29 **** Auto Build of configuration Debug for project axi_gpio ****
make pre-build main-build 
a9-linaro-pre-build-step
' '
'Building file: ../src/main.c'
'Invoking: ARM v7 gcc compiler'
arm-none-eabi-gcc -Wall -O0 -g3 -c -fmessage-length=0 -MT"src/main.o" -mcpu=cortex-a9 -mfpu=vfpv3 -mfloat-abi=hard -I../../axi_gpio_bsp/ps7_cortexa9_0/include -MMD -MP -MF"src/main.d" -MT"src/main.o" -o "src/main.o" "../src/main.c"
'Finished building: ../src/main.c'
' '
'Building target: axi_gpio.elf'
'Invoking: ARM v7 gcc linker'
arm-none-eabi-gcc -mcpu=cortex-a9 -mfpu=vfpv3 -mfloat-abi=hard -Wl,-build-id=none -specs=Xilinx.spec -Wl,-T -Wl,../src/lscript.ld -L../../axi_gpio_bsp/ps7_cortexa9_0/lib -o "axi_gpio.elf"  ./src/main.o   -Wl,--start-group,-lxil,-lgcc,-lc,--end-group
'Finished building target: axi_gpio.elf'
' '
'Invoking: ARM v7 Print Size'
arm-none-eabi-size axi_gpio.elf  |tee "axi_gpio.elf.size"
   text	   data	    bss	    dec	    hex	filename
  82012	   4168	  23408	 109588	  1ac14	axi_gpio.elf
'Finished building: axi_gpio.elf.size'
' '
18:46:17 **** Auto Build of configuration Debug for project axi_gpio ****
make pre-build main-build 
a9-linaro-pre-build-step
' '
'Building file: ../src/main.c'
'Invoking: ARM v7 gcc compiler'
arm-none-eabi-gcc -Wall -O0 -g3 -c -fmessage-length=0 -MT"src/main.o" -mcpu=cortex-a9 -mfpu=vfpv3 -mfloat-abi=hard -I../../axi_gpio_bsp/ps7_cortexa9_0/include -MMD -MP -MF"src/main.d" -MT"src/main.o" -o "src/main.o" "../src/main.c"
'Finished building: ../src/main.c'
' '
'Building target: axi_gpio.elf'
'Invoking: ARM v7 gcc linker'
arm-none-eabi-gcc -mcpu=cortex-a9 -mfpu=vfpv3 -mfloat-abi=hard -Wl,-build-id=none -specs=Xilinx.spec -Wl,-T -Wl,../src/lscript.ld -L../../axi_gpio_bsp/ps7_cortexa9_0/lib -o "axi_gpio.elf"  ./src/main.o   -Wl,--start-group,-lxil,-lgcc,-lc,--end-group
'Finished building target: axi_gpio.elf'
' '
'Invoking: ARM v7 Print Size'
arm-none-eabi-size axi_gpio.elf  |tee "axi_gpio.elf.size"
   text	   data	    bss	    dec	    hex	filename
  82012	   4168	  23408	 109588	  1ac14	axi_gpio.elf
'Finished building: axi_gpio.elf.size'
' '
18:48:35 **** Auto Build of configuration Debug for project axi_gpio ****
make pre-build main-build 
a9-linaro-pre-build-step
' '
'Building file: ../src/main.c'
'Invoking: ARM v7 gcc compiler'
arm-none-eabi-gcc -Wall -O0 -g3 -c -fmessage-length=0 -MT"src/main.o" -mcpu=cortex-a9 -mfpu=vfpv3 -mfloat-abi=hard -I../../axi_gpio_bsp/ps7_cortexa9_0/include -MMD -MP -MF"src/main.d" -MT"src/main.o" -o "src/main.o" "../src/main.c"
../src/main.c: In function 'main':
../src/main.c:127:22: error: expected expression before 'XGpio'
     XGpio_Initialize(XGpio *InstancePtr, u16 DeviceId);
                      ^
../src/main.c:127:5: error: too few arguments to function 'XGpio_Initialize'
     XGpio_Initialize(XGpio *InstancePtr, u16 DeviceId);
     ^
In file included from ../src/main.c:11:0:
../../axi_gpio_bsp/ps7_cortexa9_0/include/xgpio.h:164:5: note: declared here
 int XGpio_Initialize(XGpio *InstancePtr, u16 DeviceId);
     ^
make: *** [src/main.o] 错误 1
18:48:58 **** Auto Build of configuration Debug for project axi_gpio ****
make pre-build main-build 
a9-linaro-pre-build-step
' '
'Building file: ../src/main.c'
'Invoking: ARM v7 gcc compiler'
arm-none-eabi-gcc -Wall -O0 -g3 -c -fmessage-length=0 -MT"src/main.o" -mcpu=cortex-a9 -mfpu=vfpv3 -mfloat-abi=hard -I../../axi_gpio_bsp/ps7_cortexa9_0/include -MMD -MP -MF"src/main.d" -MT"src/main.o" -o "src/main.o" "../src/main.c"
../src/main.c: In function 'main':
../src/main.c:127:33: error: expected expression before 'u16'
     XGpio_Initialize(&AXI_Gpio, u16 DeviceId);
                                 ^
make: *** [src/main.o] 错误 1
18:49:13 **** Auto Build of configuration Debug for project axi_gpio ****
make pre-build main-build 
a9-linaro-pre-build-step
' '
'Building file: ../src/main.c'
'Invoking: ARM v7 gcc compiler'
arm-none-eabi-gcc -Wall -O0 -g3 -c -fmessage-length=0 -MT"src/main.o" -mcpu=cortex-a9 -mfpu=vfpv3 -mfloat-abi=hard -I../../axi_gpio_bsp/ps7_cortexa9_0/include -MMD -MP -MF"src/main.d" -MT"src/main.o" -o "src/main.o" "../src/main.c"
'Finished building: ../src/main.c'
' '
'Building target: axi_gpio.elf'
'Invoking: ARM v7 gcc linker'
arm-none-eabi-gcc -mcpu=cortex-a9 -mfpu=vfpv3 -mfloat-abi=hard -Wl,-build-id=none -specs=Xilinx.spec -Wl,-T -Wl,../src/lscript.ld -L../../axi_gpio_bsp/ps7_cortexa9_0/lib -o "axi_gpio.elf"  ./src/main.o   -Wl,--start-group,-lxil,-lgcc,-lc,--end-group
'Finished building target: axi_gpio.elf'
' '
'Invoking: ARM v7 Print Size'
arm-none-eabi-size axi_gpio.elf  |tee "axi_gpio.elf.size"
   text	   data	    bss	    dec	    hex	filename
  83124	   4184	  23408	 110716	  1b07c	axi_gpio.elf
'Finished building: axi_gpio.elf.size'
' '
18:49:32 **** Auto Build of configuration Debug for project axi_gpio ****
make pre-build main-build 
a9-linaro-pre-build-step
' '
'Building file: ../src/main.c'
'Invoking: ARM v7 gcc compiler'
arm-none-eabi-gcc -Wall -O0 -g3 -c -fmessage-length=0 -MT"src/main.o" -mcpu=cortex-a9 -mfpu=vfpv3 -mfloat-abi=hard -I../../axi_gpio_bsp/ps7_cortexa9_0/include -MMD -MP -MF"src/main.d" -MT"src/main.o" -o "src/main.o" "../src/main.c"
'Finished building: ../src/main.c'
' '
'Building target: axi_gpio.elf'
'Invoking: ARM v7 gcc linker'
arm-none-eabi-gcc -mcpu=cortex-a9 -mfpu=vfpv3 -mfloat-abi=hard -Wl,-build-id=none -specs=Xilinx.spec -Wl,-T -Wl,../src/lscript.ld -L../../axi_gpio_bsp/ps7_cortexa9_0/lib -o "axi_gpio.elf"  ./src/main.o   -Wl,--start-group,-lxil,-lgcc,-lc,--end-group
'Finished building target: axi_gpio.elf'
' '
'Invoking: ARM v7 Print Size'
arm-none-eabi-size axi_gpio.elf  |tee "axi_gpio.elf.size"
   text	   data	    bss	    dec	    hex	filename
  83124	   4184	  23408	 110716	  1b07c	axi_gpio.elf
'Finished building: axi_gpio.elf.size'
' '
18:49:44 **** Auto Build of configuration Debug for project axi_gpio ****
make pre-build main-build 
a9-linaro-pre-build-step
' '
'Building file: ../src/main.c'
'Invoking: ARM v7 gcc compiler'
arm-none-eabi-gcc -Wall -O0 -g3 -c -fmessage-length=0 -MT"src/main.o" -mcpu=cortex-a9 -mfpu=vfpv3 -mfloat-abi=hard -I../../axi_gpio_bsp/ps7_cortexa9_0/include -MMD -MP -MF"src/main.d" -MT"src/main.o" -o "src/main.o" "../src/main.c"
'Finished building: ../src/main.c'
' '
'Building target: axi_gpio.elf'
'Invoking: ARM v7 gcc linker'
arm-none-eabi-gcc -mcpu=cortex-a9 -mfpu=vfpv3 -mfloat-abi=hard -Wl,-build-id=none -specs=Xilinx.spec -Wl,-T -Wl,../src/lscript.ld -L../../axi_gpio_bsp/ps7_cortexa9_0/lib -o "axi_gpio.elf"  ./src/main.o   -Wl,--start-group,-lxil,-lgcc,-lc,--end-group
'Finished building target: axi_gpio.elf'
' '
'Invoking: ARM v7 Print Size'
arm-none-eabi-size axi_gpio.elf  |tee "axi_gpio.elf.size"
   text	   data	    bss	    dec	    hex	filename
  83124	   4184	  23408	 110716	  1b07c	axi_gpio.elf
'Finished building: axi_gpio.elf.size'
' '
18:51:06 **** Auto Build of configuration Debug for project axi_gpio ****
make pre-build main-build 
a9-linaro-pre-build-step
' '
'Building file: ../src/main.c'
'Invoking: ARM v7 gcc compiler'
arm-none-eabi-gcc -Wall -O0 -g3 -c -fmessage-length=0 -MT"src/main.o" -mcpu=cortex-a9 -mfpu=vfpv3 -mfloat-abi=hard -I../../axi_gpio_bsp/ps7_cortexa9_0/include -MMD -MP -MF"src/main.d" -MT"src/main.o" -o "src/main.o" "../src/main.c"
'Finished building: ../src/main.c'
' '
'Building target: axi_gpio.elf'
'Invoking: ARM v7 gcc linker'
arm-none-eabi-gcc -mcpu=cortex-a9 -mfpu=vfpv3 -mfloat-abi=hard -Wl,-build-id=none -specs=Xilinx.spec -Wl,-T -Wl,../src/lscript.ld -L../../axi_gpio_bsp/ps7_cortexa9_0/lib -o "axi_gpio.elf"  ./src/main.o   -Wl,--start-group,-lxil,-lgcc,-lc,--end-group
'Finished building target: axi_gpio.elf'
' '
'Invoking: ARM v7 Print Size'
arm-none-eabi-size axi_gpio.elf  |tee "axi_gpio.elf.size"
   text	   data	    bss	    dec	    hex	filename
  83060	   4184	  23408	 110652	  1b03c	axi_gpio.elf
'Finished building: axi_gpio.elf.size'
' '
18:51:21 **** Auto Build of configuration Debug for project axi_gpio ****
make pre-build main-build 
a9-linaro-pre-build-step
' '
'Building file: ../src/main.c'
'Invoking: ARM v7 gcc compiler'
arm-none-eabi-gcc -Wall -O0 -g3 -c -fmessage-length=0 -MT"src/main.o" -mcpu=cortex-a9 -mfpu=vfpv3 -mfloat-abi=hard -I../../axi_gpio_bsp/ps7_cortexa9_0/include -MMD -MP -MF"src/main.d" -MT"src/main.o" -o "src/main.o" "../src/main.c"
'Finished building: ../src/main.c'
' '
'Building target: axi_gpio.elf'
'Invoking: ARM v7 gcc linker'
arm-none-eabi-gcc -mcpu=cortex-a9 -mfpu=vfpv3 -mfloat-abi=hard -Wl,-build-id=none -specs=Xilinx.spec -Wl,-T -Wl,../src/lscript.ld -L../../axi_gpio_bsp/ps7_cortexa9_0/lib -o "axi_gpio.elf"  ./src/main.o   -Wl,--start-group,-lxil,-lgcc,-lc,--end-group
'Finished building target: axi_gpio.elf'
' '
'Invoking: ARM v7 Print Size'
arm-none-eabi-size axi_gpio.elf  |tee "axi_gpio.elf.size"
   text	   data	    bss	    dec	    hex	filename
  83060	   4184	  23408	 110652	  1b03c	axi_gpio.elf
'Finished building: axi_gpio.elf.size'
' '
18:52:00 **** Auto Build of configuration Debug for project axi_gpio ****
make pre-build main-build 
a9-linaro-pre-build-step
' '
'Building file: ../src/main.c'
'Invoking: ARM v7 gcc compiler'
arm-none-eabi-gcc -Wall -O0 -g3 -c -fmessage-length=0 -MT"src/main.o" -mcpu=cortex-a9 -mfpu=vfpv3 -mfloat-abi=hard -I../../axi_gpio_bsp/ps7_cortexa9_0/include -MMD -MP -MF"src/main.d" -MT"src/main.o" -o "src/main.o" "../src/main.c"
'Finished building: ../src/main.c'
' '
'Building target: axi_gpio.elf'
'Invoking: ARM v7 gcc linker'
arm-none-eabi-gcc -mcpu=cortex-a9 -mfpu=vfpv3 -mfloat-abi=hard -Wl,-build-id=none -specs=Xilinx.spec -Wl,-T -Wl,../src/lscript.ld -L../../axi_gpio_bsp/ps7_cortexa9_0/lib -o "axi_gpio.elf"  ./src/main.o   -Wl,--start-group,-lxil,-lgcc,-lc,--end-group
'Finished building target: axi_gpio.elf'
' '
'Invoking: ARM v7 Print Size'
arm-none-eabi-size axi_gpio.elf  |tee "axi_gpio.elf.size"
   text	   data	    bss	    dec	    hex	filename
  83060	   4184	  23408	 110652	  1b03c	axi_gpio.elf
'Finished building: axi_gpio.elf.size'
' '
18:52:37 **** Auto Build of configuration Debug for project axi_gpio ****
make pre-build main-build 
a9-linaro-pre-build-step
' '
'Building file: ../src/main.c'
'Invoking: ARM v7 gcc compiler'
arm-none-eabi-gcc -Wall -O0 -g3 -c -fmessage-length=0 -MT"src/main.o" -mcpu=cortex-a9 -mfpu=vfpv3 -mfloat-abi=hard -I../../axi_gpio_bsp/ps7_cortexa9_0/include -MMD -MP -MF"src/main.d" -MT"src/main.o" -o "src/main.o" "../src/main.c"
'Finished building: ../src/main.c'
' '
'Building target: axi_gpio.elf'
'Invoking: ARM v7 gcc linker'
arm-none-eabi-gcc -mcpu=cortex-a9 -mfpu=vfpv3 -mfloat-abi=hard -Wl,-build-id=none -specs=Xilinx.spec -Wl,-T -Wl,../src/lscript.ld -L../../axi_gpio_bsp/ps7_cortexa9_0/lib -o "axi_gpio.elf"  ./src/main.o   -Wl,--start-group,-lxil,-lgcc,-lc,--end-group
'Finished building target: axi_gpio.elf'
' '
'Invoking: ARM v7 Print Size'
arm-none-eabi-size axi_gpio.elf  |tee "axi_gpio.elf.size"
   text	   data	    bss	    dec	    hex	filename
  83060	   4184	  23408	 110652	  1b03c	axi_gpio.elf
'Finished building: axi_gpio.elf.size'
' '
18:53:10 **** Auto Build of configuration Debug for project axi_gpio ****
make pre-build main-build 
a9-linaro-pre-build-step
' '
'Building file: ../src/main.c'
'Invoking: ARM v7 gcc compiler'
arm-none-eabi-gcc -Wall -O0 -g3 -c -fmessage-length=0 -MT"src/main.o" -mcpu=cortex-a9 -mfpu=vfpv3 -mfloat-abi=hard -I../../axi_gpio_bsp/ps7_cortexa9_0/include -MMD -MP -MF"src/main.d" -MT"src/main.o" -o "src/main.o" "../src/main.c"
'Finished building: ../src/main.c'
' '
'Building target: axi_gpio.elf'
'Invoking: ARM v7 gcc linker'
arm-none-eabi-gcc -mcpu=cortex-a9 -mfpu=vfpv3 -mfloat-abi=hard -Wl,-build-id=none -specs=Xilinx.spec -Wl,-T -Wl,../src/lscript.ld -L../../axi_gpio_bsp/ps7_cortexa9_0/lib -o "axi_gpio.elf"  ./src/main.o   -Wl,--start-group,-lxil,-lgcc,-lc,--end-group
'Finished building target: axi_gpio.elf'
' '
'Invoking: ARM v7 Print Size'
arm-none-eabi-size axi_gpio.elf  |tee "axi_gpio.elf.size"
   text	   data	    bss	    dec	    hex	filename
  83060	   4184	  23408	 110652	  1b03c	axi_gpio.elf
'Finished building: axi_gpio.elf.size'
' '
18:54:23 **** Auto Build of configuration Debug for project axi_gpio ****
make pre-build main-build 
a9-linaro-pre-build-step
' '
'Building file: ../src/main.c'
'Invoking: ARM v7 gcc compiler'
arm-none-eabi-gcc -Wall -O0 -g3 -c -fmessage-length=0 -MT"src/main.o" -mcpu=cortex-a9 -mfpu=vfpv3 -mfloat-abi=hard -I../../axi_gpio_bsp/ps7_cortexa9_0/include -MMD -MP -MF"src/main.d" -MT"src/main.o" -o "src/main.o" "../src/main.c"
'Finished building: ../src/main.c'
' '
'Building target: axi_gpio.elf'
'Invoking: ARM v7 gcc linker'
arm-none-eabi-gcc -mcpu=cortex-a9 -mfpu=vfpv3 -mfloat-abi=hard -Wl,-build-id=none -specs=Xilinx.spec -Wl,-T -Wl,../src/lscript.ld -L../../axi_gpio_bsp/ps7_cortexa9_0/lib -o "axi_gpio.elf"  ./src/main.o   -Wl,--start-group,-lxil,-lgcc,-lc,--end-group
'Finished building target: axi_gpio.elf'
' '
'Invoking: ARM v7 Print Size'
arm-none-eabi-size axi_gpio.elf  |tee "axi_gpio.elf.size"
   text	   data	    bss	    dec	    hex	filename
  83060	   4184	  23408	 110652	  1b03c	axi_gpio.elf
'Finished building: axi_gpio.elf.size'
' '
18:55:55 **** Auto Build of configuration Debug for project axi_gpio ****
make pre-build main-build 
a9-linaro-pre-build-step
' '
'Building file: ../src/main.c'
'Invoking: ARM v7 gcc compiler'
arm-none-eabi-gcc -Wall -O0 -g3 -c -fmessage-length=0 -MT"src/main.o" -mcpu=cortex-a9 -mfpu=vfpv3 -mfloat-abi=hard -I../../axi_gpio_bsp/ps7_cortexa9_0/include -MMD -MP -MF"src/main.d" -MT"src/main.o" -o "src/main.o" "../src/main.c"
'Finished building: ../src/main.c'
' '
'Building target: axi_gpio.elf'
'Invoking: ARM v7 gcc linker'
arm-none-eabi-gcc -mcpu=cortex-a9 -mfpu=vfpv3 -mfloat-abi=hard -Wl,-build-id=none -specs=Xilinx.spec -Wl,-T -Wl,../src/lscript.ld -L../../axi_gpio_bsp/ps7_cortexa9_0/lib -o "axi_gpio.elf"  ./src/main.o   -Wl,--start-group,-lxil,-lgcc,-lc,--end-group
'Finished building target: axi_gpio.elf'
' '
'Invoking: ARM v7 Print Size'
arm-none-eabi-size axi_gpio.elf  |tee "axi_gpio.elf.size"
   text	   data	    bss	    dec	    hex	filename
  83124	   4184	  23408	 110716	  1b07c	axi_gpio.elf
'Finished building: axi_gpio.elf.size'
' '
18:56:19 **** Auto Build of configuration Debug for project axi_gpio ****
make pre-build main-build 
a9-linaro-pre-build-step
' '
'Building file: ../src/main.c'
'Invoking: ARM v7 gcc compiler'
arm-none-eabi-gcc -Wall -O0 -g3 -c -fmessage-length=0 -MT"src/main.o" -mcpu=cortex-a9 -mfpu=vfpv3 -mfloat-abi=hard -I../../axi_gpio_bsp/ps7_cortexa9_0/include -MMD -MP -MF"src/main.d" -MT"src/main.o" -o "src/main.o" "../src/main.c"
'Finished building: ../src/main.c'
' '
'Building target: axi_gpio.elf'
'Invoking: ARM v7 gcc linker'
arm-none-eabi-gcc -mcpu=cortex-a9 -mfpu=vfpv3 -mfloat-abi=hard -Wl,-build-id=none -specs=Xilinx.spec -Wl,-T -Wl,../src/lscript.ld -L../../axi_gpio_bsp/ps7_cortexa9_0/lib -o "axi_gpio.elf"  ./src/main.o   -Wl,--start-group,-lxil,-lgcc,-lc,--end-group
'Finished building target: axi_gpio.elf'
' '
'Invoking: ARM v7 Print Size'
arm-none-eabi-size axi_gpio.elf  |tee "axi_gpio.elf.size"
   text	   data	    bss	    dec	    hex	filename
  83124	   4184	  23408	 110716	  1b07c	axi_gpio.elf
'Finished building: axi_gpio.elf.size'
' '
18:56:40 **** Auto Build of configuration Debug for project axi_gpio ****
make pre-build main-build 
a9-linaro-pre-build-step
' '
'Building file: ../src/main.c'
'Invoking: ARM v7 gcc compiler'
[...]
                                 ^
../src/xgpio_intr_tapp_example.c:192:8: note: in expansion of macro 'INTC_GPIO_INTERRUPT_ID'
        INTC_GPIO_INTERRUPT_ID,
        ^
make: *** [src/xgpio_intr_tapp_example.o] 错误 1
22:53:41 **** Auto Build of configuration Debug for project axi_gpio ****
make pre-build main-build 
a9-linaro-pre-build-step
' '
'Building file: ../src/main.c'
'Invoking: ARM v7 gcc compiler'
arm-none-eabi-gcc -Wall -O0 -g3 -c -fmessage-length=0 -MT"src/main.o" -mcpu=cortex-a9 -mfpu=vfpv3 -mfloat-abi=hard -I../../axi_gpio_bsp/ps7_cortexa9_0/include -MMD -MP -MF"src/main.d" -MT"src/main.o" -o "src/main.o" "../src/main.c"
'Finished building: ../src/main.c'
' '
'Building target: axi_gpio.elf'
'Invoking: ARM v7 gcc linker'
arm-none-eabi-gcc -mcpu=cortex-a9 -mfpu=vfpv3 -mfloat-abi=hard -Wl,-build-id=none -specs=Xilinx.spec -Wl,-T -Wl,../src/lscript.ld -L../../axi_gpio_bsp/ps7_cortexa9_0/lib -o "axi_gpio.elf"  ./src/main.o   -Wl,--start-group,-lxil,-lgcc,-lc,--end-group
'Finished building target: axi_gpio.elf'
' '
'Invoking: ARM v7 Print Size'
arm-none-eabi-size axi_gpio.elf  |tee "axi_gpio.elf.size"
   text	   data	    bss	    dec	    hex	filename
  84548	   4184	  23408	 112140	  1b60c	axi_gpio.elf
'Finished building: axi_gpio.elf.size'
' '
22:53:45 **** Auto Build of configuration Debug for project axi_gpio ****
make pre-build main-build 
a9-linaro-pre-build-step
' '
'Building file: ../src/main.c'
'Invoking: ARM v7 gcc compiler'
arm-none-eabi-gcc -Wall -O0 -g3 -c -fmessage-length=0 -MT"src/main.o" -mcpu=cortex-a9 -mfpu=vfpv3 -mfloat-abi=hard -I../../axi_gpio_bsp/ps7_cortexa9_0/include -MMD -MP -MF"src/main.d" -MT"src/main.o" -o "src/main.o" "../src/main.c"
'Finished building: ../src/main.c'
' '
'Building target: axi_gpio.elf'
'Invoking: ARM v7 gcc linker'
arm-none-eabi-gcc -mcpu=cortex-a9 -mfpu=vfpv3 -mfloat-abi=hard -Wl,-build-id=none -specs=Xilinx.spec -Wl,-T -Wl,../src/lscript.ld -L../../axi_gpio_bsp/ps7_cortexa9_0/lib -o "axi_gpio.elf"  ./src/main.o   -Wl,--start-group,-lxil,-lgcc,-lc,--end-group
'Finished building target: axi_gpio.elf'
' '
'Invoking: ARM v7 Print Size'
arm-none-eabi-size axi_gpio.elf  |tee "axi_gpio.elf.size"
   text	   data	    bss	    dec	    hex	filename
  84548	   4184	  23408	 112140	  1b60c	axi_gpio.elf
'Finished building: axi_gpio.elf.size'
' '
22:54:08 **** Auto Build of configuration Debug for project axi_gpio ****
make pre-build main-build 
a9-linaro-pre-build-step
' '
'Building file: ../src/main.c'
'Invoking: ARM v7 gcc compiler'
arm-none-eabi-gcc -Wall -O0 -g3 -c -fmessage-length=0 -MT"src/main.o" -mcpu=cortex-a9 -mfpu=vfpv3 -mfloat-abi=hard -I../../axi_gpio_bsp/ps7_cortexa9_0/include -MMD -MP -MF"src/main.d" -MT"src/main.o" -o "src/main.o" "../src/main.c"
'Finished building: ../src/main.c'
' '
'Building target: axi_gpio.elf'
'Invoking: ARM v7 gcc linker'
arm-none-eabi-gcc -mcpu=cortex-a9 -mfpu=vfpv3 -mfloat-abi=hard -Wl,-build-id=none -specs=Xilinx.spec -Wl,-T -Wl,../src/lscript.ld -L../../axi_gpio_bsp/ps7_cortexa9_0/lib -o "axi_gpio.elf"  ./src/main.o   -Wl,--start-group,-lxil,-lgcc,-lc,--end-group
'Finished building target: axi_gpio.elf'
' '
'Invoking: ARM v7 Print Size'
arm-none-eabi-size axi_gpio.elf  |tee "axi_gpio.elf.size"
   text	   data	    bss	    dec	    hex	filename
  84548	   4184	  23408	 112140	  1b60c	axi_gpio.elf
'Finished building: axi_gpio.elf.size'
' '
22:54:37 **** Incremental Build of configuration Debug for project axi_gpio ****
make pre-build main-build 
a9-linaro-pre-build-step
' '
make: Nothing to be done for `main-build'.
22:54:38 **** Incremental Build of configuration Debug for project axi_gpio_bsp_xgpio_intr_tapp_example_1 ****
make pre-build main-build 
a9-linaro-pre-build-step
' '
'Building file: ../src/xgpio_intr_tapp_example.c'
'Invoking: ARM v7 gcc compiler'
arm-none-eabi-gcc -Wall -O0 -g3 -c -fmessage-length=0 -MT"src/xgpio_intr_tapp_example.o" -mcpu=cortex-a9 -mfpu=vfpv3 -mfloat-abi=hard -I../../axi_gpio_bsp/ps7_cortexa9_0/include -MMD -MP -MF"src/xgpio_intr_tapp_example.d" -MT"src/xgpio_intr_tapp_example.o" -o "src/xgpio_intr_tapp_example.o" "../src/xgpio_intr_tapp_example.c"
../src/xgpio_intr_tapp_example.c: In function 'main':
../src/xgpio_intr_tapp_example.c:92:33: error: 'XPAR_FABRIC_AXI_GPIO_1_IP2INTC_IRPT_INTR' undeclared (first use in this function)
  #define INTC_GPIO_INTERRUPT_ID XPAR_FABRIC_AXI_GPIO_1_IP2INTC_IRPT_INTR
                                 ^
../src/xgpio_intr_tapp_example.c:192:8: note: in expansion of macro 'INTC_GPIO_INTERRUPT_ID'
        INTC_GPIO_INTERRUPT_ID,
        ^
../src/xgpio_intr_tapp_example.c:92:33: note: each undeclared identifier is reported only once for each function it appears in
  #define INTC_GPIO_INTERRUPT_ID XPAR_FABRIC_AXI_GPIO_1_IP2INTC_IRPT_INTR
                                 ^
../src/xgpio_intr_tapp_example.c:192:8: note: in expansion of macro 'INTC_GPIO_INTERRUPT_ID'
        INTC_GPIO_INTERRUPT_ID,
        ^
make: *** [src/xgpio_intr_tapp_example.o] 错误 1
22:58:44 **** Auto Build of configuration Debug for project axi_gpio ****
make pre-build main-build 
a9-linaro-pre-build-step
' '
'Building file: ../src/main.c'
'Invoking: ARM v7 gcc compiler'
arm-none-eabi-gcc -Wall -O0 -g3 -c -fmessage-length=0 -MT"src/main.o" -mcpu=cortex-a9 -mfpu=vfpv3 -mfloat-abi=hard -I../../axi_gpio_bsp/ps7_cortexa9_0/include -MMD -MP -MF"src/main.d" -MT"src/main.o" -o "src/main.o" "../src/main.c"
'Finished building: ../src/main.c'
' '
'Building target: axi_gpio.elf'
'Invoking: ARM v7 gcc linker'
arm-none-eabi-gcc -mcpu=cortex-a9 -mfpu=vfpv3 -mfloat-abi=hard -Wl,-build-id=none -specs=Xilinx.spec -Wl,-T -Wl,../src/lscript.ld -L../../axi_gpio_bsp/ps7_cortexa9_0/lib -o "axi_gpio.elf"  ./src/main.o   -Wl,--start-group,-lxil,-lgcc,-lc,--end-group
'Finished building target: axi_gpio.elf'
' '
'Invoking: ARM v7 Print Size'
arm-none-eabi-size axi_gpio.elf  |tee "axi_gpio.elf.size"
   text	   data	    bss	    dec	    hex	filename
  84548	   4184	  23408	 112140	  1b60c	axi_gpio.elf
'Finished building: axi_gpio.elf.size'
' '
22:59:39 **** Auto Build of configuration Debug for project axi_gpio ****
make pre-build main-build 
a9-linaro-pre-build-step
' '
'Building file: ../src/main.c'
'Invoking: ARM v7 gcc compiler'
arm-none-eabi-gcc -Wall -O0 -g3 -c -fmessage-length=0 -MT"src/main.o" -mcpu=cortex-a9 -mfpu=vfpv3 -mfloat-abi=hard -I../../axi_gpio_bsp/ps7_cortexa9_0/include -MMD -MP -MF"src/main.d" -MT"src/main.o" -o "src/main.o" "../src/main.c"
../src/main.c: In function 'main':
../src/main.c:172:8: warning: implicit declaration of function 'Gpio_DiscreteRead' [-Wimplicit-function-declaration]
    if (Gpio_DiscreteRead(, GPIO_CHANNEL_1);)
        ^
../src/main.c:172:26: error: expected expression before ',' token
    if (Gpio_DiscreteRead(, GPIO_CHANNEL_1);)
                          ^
make: *** [src/main.o] 错误 1
22:59:45 **** Auto Build of configuration Debug for project axi_gpio ****
make pre-build main-build 
a9-linaro-pre-build-step
' '
'Building file: ../src/main.c'
'Invoking: ARM v7 gcc compiler'
arm-none-eabi-gcc -Wall -O0 -g3 -c -fmessage-length=0 -MT"src/main.o" -mcpu=cortex-a9 -mfpu=vfpv3 -mfloat-abi=hard -I../../axi_gpio_bsp/ps7_cortexa9_0/include -MMD -MP -MF"src/main.d" -MT"src/main.o" -o "src/main.o" "../src/main.c"
../src/main.c: In function 'main':
../src/main.c:172:8: warning: implicit declaration of function 'Gpio_DiscreteRead' [-Wimplicit-function-declaration]
    if (Gpio_DiscreteRead(AxiGpio, GPIO_CHANNEL_1);)
        ^
../src/main.c:172:50: error: expected ')' before ';' token
    if (Gpio_DiscreteRead(AxiGpio, GPIO_CHANNEL_1);)
                                                  ^
make: *** [src/main.o] 错误 1
22:59:57 **** Auto Build of configuration Debug for project axi_gpio ****
make pre-build main-build 
a9-linaro-pre-build-step
' '
'Building file: ../src/main.c'
'Invoking: ARM v7 gcc compiler'
arm-none-eabi-gcc -Wall -O0 -g3 -c -fmessage-length=0 -MT"src/main.o" -mcpu=cortex-a9 -mfpu=vfpv3 -mfloat-abi=hard -I../../axi_gpio_bsp/ps7_cortexa9_0/include -MMD -MP -MF"src/main.d" -MT"src/main.o" -o "src/main.o" "../src/main.c"
../src/main.c: In function 'main':
../src/main.c:172:8: warning: implicit declaration of function 'Gpio_DiscreteRead' [-Wimplicit-function-declaration]
    if (Gpio_DiscreteRead(AxiGpio, GPIO_CHANNEL_1) == KEY_ON)
        ^
'Finished building: ../src/main.c'
' '
'Building target: axi_gpio.elf'
'Invoking: ARM v7 gcc linker'
arm-none-eabi-gcc -mcpu=cortex-a9 -mfpu=vfpv3 -mfloat-abi=hard -Wl,-build-id=none -specs=Xilinx.spec -Wl,-T -Wl,../src/lscript.ld -L../../axi_gpio_bsp/ps7_cortexa9_0/lib -o "axi_gpio.elf"  ./src/main.o   -Wl,--start-group,-lxil,-lgcc,-lc,--end-group
./src/main.o: In function `main':
C:\Users\mi\Desktop\Programma\ZYNQ\XC7Z020_210_ES_AXI_GPIO\XC7Z020_210_ES_AXI_GPIO.sdk\axi_gpio\Debug/../src/main.c:172: undefined reference to `Gpio_DiscreteRead'
collect2.exe: error: ld returned 1 exit status
make: *** [axi_gpio.elf] 错误 1
23:00:03 **** Auto Build of configuration Debug for project axi_gpio ****
make pre-build main-build 
a9-linaro-pre-build-step
' '
'Building file: ../src/main.c'
'Invoking: ARM v7 gcc compiler'
arm-none-eabi-gcc -Wall -O0 -g3 -c -fmessage-length=0 -MT"src/main.o" -mcpu=cortex-a9 -mfpu=vfpv3 -mfloat-abi=hard -I../../axi_gpio_bsp/ps7_cortexa9_0/include -MMD -MP -MF"src/main.d" -MT"src/main.o" -o "src/main.o" "../src/main.c"
../src/main.c: In function 'main':
../src/main.c:172:8: warning: implicit declaration of function 'Gpio_DiscreteRead' [-Wimplicit-function-declaration]
    if (Gpio_DiscreteRead(AxiGpio, GPIO_CHANNEL_1) == KEY_ON) {
        ^
'Finished building: ../src/main.c'
' '
'Building target: axi_gpio.elf'
'Invoking: ARM v7 gcc linker'
arm-none-eabi-gcc -mcpu=cortex-a9 -mfpu=vfpv3 -mfloat-abi=hard -Wl,-build-id=none -specs=Xilinx.spec -Wl,-T -Wl,../src/lscript.ld -L../../axi_gpio_bsp/ps7_cortexa9_0/lib -o "axi_gpio.elf"  ./src/main.o   -Wl,--start-group,-lxil,-lgcc,-lc,--end-group
./src/main.o: In function `main':
C:\Users\mi\Desktop\Programma\ZYNQ\XC7Z020_210_ES_AXI_GPIO\XC7Z020_210_ES_AXI_GPIO.sdk\axi_gpio\Debug/../src/main.c:172: undefined reference to `Gpio_DiscreteRead'
collect2.exe: error: ld returned 1 exit status
make: *** [axi_gpio.elf] 错误 1
23:00:23 **** Auto Build of configuration Debug for project axi_gpio ****
make pre-build main-build 
a9-linaro-pre-build-step
' '
'Building file: ../src/main.c'
'Invoking: ARM v7 gcc compiler'
arm-none-eabi-gcc -Wall -O0 -g3 -c -fmessage-length=0 -MT"src/main.o" -mcpu=cortex-a9 -mfpu=vfpv3 -mfloat-abi=hard -I../../axi_gpio_bsp/ps7_cortexa9_0/include -MMD -MP -MF"src/main.d" -MT"src/main.o" -o "src/main.o" "../src/main.c"
../src/main.c: In function 'main':
../src/main.c:172:8: warning: implicit declaration of function 'Gpio_DiscreteRead' [-Wimplicit-function-declaration]
    if (Gpio_DiscreteRead(&AxiGpio, GPIO_CHANNEL_1) == KEY_ON) {
        ^
'Finished building: ../src/main.c'
' '
'Building target: axi_gpio.elf'
'Invoking: ARM v7 gcc linker'
arm-none-eabi-gcc -mcpu=cortex-a9 -mfpu=vfpv3 -mfloat-abi=hard -Wl,-build-id=none -specs=Xilinx.spec -Wl,-T -Wl,../src/lscript.ld -L../../axi_gpio_bsp/ps7_cortexa9_0/lib -o "axi_gpio.elf"  ./src/main.o   -Wl,--start-group,-lxil,-lgcc,-lc,--end-group
./src/main.o: In function `main':
C:\Users\mi\Desktop\Programma\ZYNQ\XC7Z020_210_ES_AXI_GPIO\XC7Z020_210_ES_AXI_GPIO.sdk\axi_gpio\Debug/../src/main.c:172: undefined reference to `Gpio_DiscreteRead'
collect2.exe: error: ld returned 1 exit status
make: *** [axi_gpio.elf] 错误 1
23:01:14 **** Auto Build of configuration Debug for project axi_gpio ****
make pre-build main-build 
a9-linaro-pre-build-step
' '
'Building file: ../src/main.c'
'Invoking: ARM v7 gcc compiler'
arm-none-eabi-gcc -Wall -O0 -g3 -c -fmessage-length=0 -MT"src/main.o" -mcpu=cortex-a9 -mfpu=vfpv3 -mfloat-abi=hard -I../../axi_gpio_bsp/ps7_cortexa9_0/include -MMD -MP -MF"src/main.d" -MT"src/main.o" -o "src/main.o" "../src/main.c"
'Finished building: ../src/main.c'
' '
'Building target: axi_gpio.elf'
'Invoking: ARM v7 gcc linker'
arm-none-eabi-gcc -mcpu=cortex-a9 -mfpu=vfpv3 -mfloat-abi=hard -Wl,-build-id=none -specs=Xilinx.spec -Wl,-T -Wl,../src/lscript.ld -L../../axi_gpio_bsp/ps7_cortexa9_0/lib -o "axi_gpio.elf"  ./src/main.o   -Wl,--start-group,-lxil,-lgcc,-lc,--end-group
'Finished building target: axi_gpio.elf'
' '
'Invoking: ARM v7 Print Size'
arm-none-eabi-size axi_gpio.elf  |tee "axi_gpio.elf.size"
   text	   data	    bss	    dec	    hex	filename
  84612	   4184	  23408	 112204	  1b64c	axi_gpio.elf
'Finished building: axi_gpio.elf.size'
' '
23:01:18 **** Incremental Build of configuration Debug for project axi_gpio ****
make pre-build main-build 
a9-linaro-pre-build-step
' '
make: Nothing to be done for `main-build'.
23:01:20 **** Incremental Build of configuration Debug for project axi_gpio_bsp_xgpio_intr_tapp_example_1 ****
make pre-build main-build 
a9-linaro-pre-build-step
' '
'Building file: ../src/xgpio_intr_tapp_example.c'
'Invoking: ARM v7 gcc compiler'
arm-none-eabi-gcc -Wall -O0 -g3 -c -fmessage-length=0 -MT"src/xgpio_intr_tapp_example.o" -mcpu=cortex-a9 -mfpu=vfpv3 -mfloat-abi=hard -I../../axi_gpio_bsp/ps7_cortexa9_0/include -MMD -MP -MF"src/xgpio_intr_tapp_example.d" -MT"src/xgpio_intr_tapp_example.o" -o "src/xgpio_intr_tapp_example.o" "../src/xgpio_intr_tapp_example.c"
../src/xgpio_intr_tapp_example.c: In function 'main':
../src/xgpio_intr_tapp_example.c:92:33: error: 'XPAR_FABRIC_AXI_GPIO_1_IP2INTC_IRPT_INTR' undeclared (first use in this function)
  #define INTC_GPIO_INTERRUPT_ID XPAR_FABRIC_AXI_GPIO_1_IP2INTC_IRPT_INTR
                                 ^
../src/xgpio_intr_tapp_example.c:192:8: note: in expansion of macro 'INTC_GPIO_INTERRUPT_ID'
        INTC_GPIO_INTERRUPT_ID,
        ^
../src/xgpio_intr_tapp_example.c:92:33: note: each undeclared identifier is reported only once for each function it appears in
  #define INTC_GPIO_INTERRUPT_ID XPAR_FABRIC_AXI_GPIO_1_IP2INTC_IRPT_INTR
                                 ^
../src/xgpio_intr_tapp_example.c:192:8: note: in expansion of macro 'INTC_GPIO_INTERRUPT_ID'
        INTC_GPIO_INTERRUPT_ID,
        ^
make: *** [src/xgpio_intr_tapp_example.o] 错误 1
23:02:35 **** Auto Build of configuration Debug for project axi_gpio ****
make pre-build main-build 
a9-linaro-pre-build-step
' '
'Building file: ../src/main.c'
'Invoking: ARM v7 gcc compiler'
arm-none-eabi-gcc -Wall -O0 -g3 -c -fmessage-length=0 -MT"src/main.o" -mcpu=cortex-a9 -mfpu=vfpv3 -mfloat-abi=hard -I../../axi_gpio_bsp/ps7_cortexa9_0/include -MMD -MP -MF"src/main.d" -MT"src/main.o" -o "src/main.o" "../src/main.c"
'Finished building: ../src/main.c'
' '
'Building target: axi_gpio.elf'
'Invoking: ARM v7 gcc linker'
arm-none-eabi-gcc -mcpu=cortex-a9 -mfpu=vfpv3 -mfloat-abi=hard -Wl,-build-id=none -specs=Xilinx.spec -Wl,-T -Wl,../src/lscript.ld -L../../axi_gpio_bsp/ps7_cortexa9_0/lib -o "axi_gpio.elf"  ./src/main.o   -Wl,--start-group,-lxil,-lgcc,-lc,--end-group
'Finished building target: axi_gpio.elf'
' '
'Invoking: ARM v7 Print Size'
arm-none-eabi-size axi_gpio.elf  |tee "axi_gpio.elf.size"
   text	   data	    bss	    dec	    hex	filename
  84612	   4184	  23408	 112204	  1b64c	axi_gpio.elf
'Finished building: axi_gpio.elf.size'
' '
23:02:40 **** Incremental Build of configuration Debug for project axi_gpio ****
make pre-build main-build 
a9-linaro-pre-build-step
' '
make: Nothing to be done for `main-build'.
23:02:42 **** Incremental Build of configuration Debug for project axi_gpio_bsp_xgpio_intr_tapp_example_1 ****
make pre-build main-build 
a9-linaro-pre-build-step
' '
'Building file: ../src/xgpio_intr_tapp_example.c'
'Invoking: ARM v7 gcc compiler'
arm-none-eabi-gcc -Wall -O0 -g3 -c -fmessage-length=0 -MT"src/xgpio_intr_tapp_example.o" -mcpu=cortex-a9 -mfpu=vfpv3 -mfloat-abi=hard -I../../axi_gpio_bsp/ps7_cortexa9_0/include -MMD -MP -MF"src/xgpio_intr_tapp_example.d" -MT"src/xgpio_intr_tapp_example.o" -o "src/xgpio_intr_tapp_example.o" "../src/xgpio_intr_tapp_example.c"
../src/xgpio_intr_tapp_example.c: In function 'main':
../src/xgpio_intr_tapp_example.c:92:33: error: 'XPAR_FABRIC_AXI_GPIO_1_IP2INTC_IRPT_INTR' undeclared (first use in this function)
  #define INTC_GPIO_INTERRUPT_ID XPAR_FABRIC_AXI_GPIO_1_IP2INTC_IRPT_INTR
                                 ^
../src/xgpio_intr_tapp_example.c:192:8: note: in expansion of macro 'INTC_GPIO_INTERRUPT_ID'
        INTC_GPIO_INTERRUPT_ID,
        ^
../src/xgpio_intr_tapp_example.c:92:33: note: each undeclared identifier is reported only once for each function it appears in
  #define INTC_GPIO_INTERRUPT_ID XPAR_FABRIC_AXI_GPIO_1_IP2INTC_IRPT_INTR
                                 ^
../src/xgpio_intr_tapp_example.c:192:8: note: in expansion of macro 'INTC_GPIO_INTERRUPT_ID'
        INTC_GPIO_INTERRUPT_ID,
        ^
make: *** [src/xgpio_intr_tapp_example.o] 错误 1
23:03:32 **** Auto Build of configuration Debug for project axi_gpio ****
make pre-build main-build 
a9-linaro-pre-build-step
' '
'Building file: ../src/main.c'
'Invoking: ARM v7 gcc compiler'
arm-none-eabi-gcc -Wall -O0 -g3 -c -fmessage-length=0 -MT"src/main.o" -mcpu=cortex-a9 -mfpu=vfpv3 -mfloat-abi=hard -I../../axi_gpio_bsp/ps7_cortexa9_0/include -MMD -MP -MF"src/main.d" -MT"src/main.o" -o "src/main.o" "../src/main.c"
'Finished building: ../src/main.c'
' '
'Building target: axi_gpio.elf'
'Invoking: ARM v7 gcc linker'
arm-none-eabi-gcc -mcpu=cortex-a9 -mfpu=vfpv3 -mfloat-abi=hard -Wl,-build-id=none -specs=Xilinx.spec -Wl,-T -Wl,../src/lscript.ld -L../../axi_gpio_bsp/ps7_cortexa9_0/lib -o "axi_gpio.elf"  ./src/main.o   -Wl,--start-group,-lxil,-lgcc,-lc,--end-group
'Finished building target: axi_gpio.elf'
' '
'Invoking: ARM v7 Print Size'
arm-none-eabi-size axi_gpio.elf  |tee "axi_gpio.elf.size"
   text	   data	    bss	    dec	    hex	filename
  84612	   4184	  23408	 112204	  1b64c	axi_gpio.elf
'Finished building: axi_gpio.elf.size'
' '
23:05:34 **** Auto Build of configuration Debug for project axi_gpio ****
make pre-build main-build 
a9-linaro-pre-build-step
' '
'Building file: ../src/main.c'
'Invoking: ARM v7 gcc compiler'
arm-none-eabi-gcc -Wall -O0 -g3 -c -fmessage-length=0 -MT"src/main.o" -mcpu=cortex-a9 -mfpu=vfpv3 -mfloat-abi=hard -I../../axi_gpio_bsp/ps7_cortexa9_0/include -MMD -MP -MF"src/main.d" -MT"src/main.o" -o "src/main.o" "../src/main.c"
'Finished building: ../src/main.c'
' '
'Building target: axi_gpio.elf'
'Invoking: ARM v7 gcc linker'
arm-none-eabi-gcc -mcpu=cortex-a9 -mfpu=vfpv3 -mfloat-abi=hard -Wl,-build-id=none -specs=Xilinx.spec -Wl,-T -Wl,../src/lscript.ld -L../../axi_gpio_bsp/ps7_cortexa9_0/lib -o "axi_gpio.elf"  ./src/main.o   -Wl,--start-group,-lxil,-lgcc,-lc,--end-group
'Finished building target: axi_gpio.elf'
' '
'Invoking: ARM v7 Print Size'
arm-none-eabi-size axi_gpio.elf  |tee "axi_gpio.elf.size"
   text	   data	    bss	    dec	    hex	filename
  84612	   4184	  23408	 112204	  1b64c	axi_gpio.elf
'Finished building: axi_gpio.elf.size'
' '
23:05:53 **** Auto Build of configuration Debug for project axi_gpio ****
make pre-build main-build 
a9-linaro-pre-build-step
' '
'Building file: ../src/main.c'
'Invoking: ARM v7 gcc compiler'
arm-none-eabi-gcc -Wall -O0 -g3 -c -fmessage-length=0 -MT"src/main.o" -mcpu=cortex-a9 -mfpu=vfpv3 -mfloat-abi=hard -I../../axi_gpio_bsp/ps7_cortexa9_0/include -MMD -MP -MF"src/main.d" -MT"src/main.o" -o "src/main.o" "../src/main.c"
'Finished building: ../src/main.c'
' '
'Building target: axi_gpio.elf'
'Invoking: ARM v7 gcc linker'
arm-none-eabi-gcc -mcpu=cortex-a9 -mfpu=vfpv3 -mfloat-abi=hard -Wl,-build-id=none -specs=Xilinx.spec -Wl,-T -Wl,../src/lscript.ld -L../../axi_gpio_bsp/ps7_cortexa9_0/lib -o "axi_gpio.elf"  ./src/main.o   -Wl,--start-group,-lxil,-lgcc,-lc,--end-group
'Finished building target: axi_gpio.elf'
' '
'Invoking: ARM v7 Print Size'
arm-none-eabi-size axi_gpio.elf  |tee "axi_gpio.elf.size"
   text	   data	    bss	    dec	    hex	filename
  84612	   4184	  23408	 112204	  1b64c	axi_gpio.elf
'Finished building: axi_gpio.elf.size'
' '
