15:39:02 **** Auto Build of configuration Debug for project key_control_led_GPIO_EMIO ****
make pre-build main-build 
a9-linaro-pre-build-step
' '
'Building file: ../src/main.c'
'Invoking: ARM v7 gcc compiler'
arm-none-eabi-gcc -Wall -O0 -g3 -c -fmessage-length=0 -MT"src/main.o" -mcpu=cortex-a9 -mfpu=vfpv3 -mfloat-abi=hard -I../../key_control_led_GPIO_EMIO_bsp/ps7_cortexa9_0/include -MMD -MP -MF"src/main.d" -MT"src/main.o" -o "src/main.o" "../src/main.c"
'Finished building: ../src/main.c'
' '
'Building target: key_control_led_GPIO_EMIO.elf'
'Invoking: ARM v7 gcc linker'
arm-none-eabi-gcc -mcpu=cortex-a9 -mfpu=vfpv3 -mfloat-abi=hard -Wl,-build-id=none -specs=Xilinx.spec -Wl,-T -Wl,../src/lscript.ld -L../../key_control_led_GPIO_EMIO_bsp/ps7_cortexa9_0/lib -o "key_control_led_GPIO_EMIO.elf"  ./src/main.o ./src/platform.o   -Wl,--start-group,-lxil,-lgcc,-lc,--end-group
'Finished building target: key_control_led_GPIO_EMIO.elf'
' '
'Invoking: ARM v7 Print Size'
arm-none-eabi-size key_control_led_GPIO_EMIO.elf  |tee "key_control_led_GPIO_EMIO.elf.size"
   text	   data	    bss	    dec	    hex	filename
  82208	   2592	  23376	 108176	  1a690	key_control_led_GPIO_EMIO.elf
'Finished building: key_control_led_GPIO_EMIO.elf.size'
' '

15:39:05 Build Finished (took 2s.540ms)

