13:48:46 **** Auto Build of configuration Debug for project lab2_ps_pl ****
make pre-build main-build 
a9-linaro-pre-build-step
' '
'Building file: ../src/main.c'
'Invoking: ARM v7 gcc compiler'
arm-none-eabi-gcc -Wall -O0 -g3 -c -fmessage-length=0 -MT"src/main.o" -mcpu=cortex-a9 -mfpu=vfpv3 -mfloat-abi=hard -I../../lab2_ps_pl_bsp/ps7_cortexa9_0/include -MMD -MP -MF"src/main.d" -MT"src/main.o" -o "src/main.o" "../src/main.c"
'Finished building: ../src/main.c'
' '
'Building target: lab2_ps_pl.elf'
'Invoking: ARM v7 gcc linker'
arm-none-eabi-gcc -mcpu=cortex-a9 -mfpu=vfpv3 -mfloat-abi=hard -Wl,-build-id=none -specs=Xilinx.spec -Wl,-T -Wl,../src/lscript.ld -L../../lab2_ps_pl_bsp/ps7_cortexa9_0/lib -o "lab2_ps_pl.elf"  ./src/main.o ./src/platform.o   -Wl,--start-group,-lxil,-lgcc,-lc,--end-group
'Finished building target: lab2_ps_pl.elf'
' '
'Invoking: ARM v7 Print Size'
arm-none-eabi-size lab2_ps_pl.elf  |tee "lab2_ps_pl.elf.size"
   text	   data	    bss	    dec	    hex	filename
  91224	   4200	  23408	 118832	  1d030	lab2_ps_pl.elf
'Finished building: lab2_ps_pl.elf.size'
' '

13:48:48 Build Finished (took 1s.825ms)

