

================================================================
== Vivado HLS Report for 'AXIvideo2Mat'
================================================================
* Date:           Sun Oct 24 17:05:18 2021

* Version:        2018.3 (Build 2405991 on Thu Dec 06 23:56:15 MST 2018)
* Project:        XC7Z020_316_ES_ConerDetect
* Solution:       solution1
* Product family: zynq
* Target device:  xc7z020clg400-2


================================================================
== Performance Estimates
================================================================
+ Timing (ns): 
    * Summary: 
    +--------+-------+----------+------------+
    |  Clock | Target| Estimated| Uncertainty|
    +--------+-------+----------+------------+
    |ap_clk  |  10.00|     3.401|        1.25|
    +--------+-------+----------+------------+

+ Latency (clock cycles): 
    * Summary: 
    +--------+--------+--------+--------+---------+
    |     Latency     |     Interval    | Pipeline|
    |   min  |   max  |   min  |   max  |   Type  |
    +--------+--------+--------+--------+---------+
    |  790275|  790275|  790275|  790275|   none  |
    +--------+--------+--------+--------+---------+

    + Detail: 
        * Instance: 
        N/A

        * Loop: 
        +-----------------------+--------+--------+----------+-----------+-----------+------+----------+
        |                       |     Latency     | Iteration|  Initiation Interval  | Trip |          |
        |       Loop Name       |   min  |   max  |  Latency |  achieved |   target  | Count| Pipelined|
        +-----------------------+--------+--------+----------+-----------+-----------+------+----------+
        |- loop_wait_for_start  |       0|       0|         1|          1|          1|     0|    yes   |
        |- loop_height          |  790272|  790272|      1029|          -|          -|   768|    no    |
        | + loop_width          |    1024|    1024|         2|          1|          1|  1024|    yes   |
        | + loop_wait_for_eol   |       0|       0|         1|          1|          1|     0|    yes   |
        +-----------------------+--------+--------+----------+-----------+-----------+------+----------+

============================================================
+ Verbose Summary: Synthesis Manager
============================================================
InlineROM: 1
ExposeGlobal: 0
============================================================
+ Verbose Summary: CDFG Model
============================================================
IsTopModel: 0
ResetActiveHigh: 1
IsCombinational: 2
IsDatapathOnly: 0
HasWiredReturn: 1
HasMFsm: 0
HasVarLatency: 1
IsPipeline: 0
IsRtlPipelined: 0
IsInstanceOverlapped: 0
IsDontTouch: 0
HasImplIP: 0
IsGatedGlobalClock: 0

+ Individual pipeline summary: 
  * Pipeline-0: initiation interval (II) = 1, depth = 1
  * Pipeline-1: initiation interval (II) = 1, depth = 2
  * Pipeline-2: initiation interval (II) = 1, depth = 1


============================================================
+ Verbose Summary: Schedule
============================================================
* Number of FSM states : 9
* Pipeline : 3
  Pipeline-0 : II = 1, D = 1, States = { 2 }
  Pipeline-1 : II = 1, D = 2, States = { 5 6 }
  Pipeline-2 : II = 1, D = 1, States = { 8 }
* Dataflow Pipeline: 0

* FSM state transitions: 
1 --> 
	2  / true
2 --> 
	3  / (tmp_user_V)
	2  / (!tmp_user_V)
3 --> 
	4  / true
4 --> 
	5  / (!exitcond1)
5 --> 
	7  / (exitcond)
	6  / (!exitcond)
6 --> 
	5  / true
7 --> 
	8  / true
8 --> 
	9  / (eol_2)
	8  / (!eol_2)
9 --> 
	4  / true

* FSM state operations: 

State 1 <SV = 0> <Delay = 0.00>
ST_1 : Operation 10 [1/1] (0.00ns)   --->   "call void (...)* @_ssdm_op_SpecInterface(i8* %img_data_stream_2_V, [8 x i8]* @ap_fifo_str, i32 0, i32 0, [1 x i8]* @p_str111, i32 0, i32 0, [1 x i8]* @p_str112, [1 x i8]* @p_str113, [1 x i8]* @p_str114, i32 2, i32 2, i32 16, i32 16, [1 x i8]* @p_str115, [1 x i8]* @p_str116)"   --->   Operation 10 'specinterface' <Predicate = true> <Delay = 0.00>
ST_1 : Operation 11 [1/1] (0.00ns)   --->   "call void (...)* @_ssdm_op_SpecInterface(i8* %img_data_stream_1_V, [8 x i8]* @ap_fifo_str, i32 0, i32 0, [1 x i8]* @p_str104, i32 0, i32 0, [1 x i8]* @p_str105, [1 x i8]* @p_str106, [1 x i8]* @p_str107, i32 2, i32 2, i32 16, i32 16, [1 x i8]* @p_str108, [1 x i8]* @p_str109)"   --->   Operation 11 'specinterface' <Predicate = true> <Delay = 0.00>
ST_1 : Operation 12 [1/1] (0.00ns)   --->   "call void (...)* @_ssdm_op_SpecInterface(i8* %img_data_stream_0_V, [8 x i8]* @ap_fifo_str, i32 0, i32 0, [1 x i8]* @p_str97, i32 0, i32 0, [1 x i8]* @p_str98, [1 x i8]* @p_str99, [1 x i8]* @p_str100, i32 2, i32 2, i32 16, i32 16, [1 x i8]* @p_str101, [1 x i8]* @p_str102)"   --->   Operation 12 'specinterface' <Predicate = true> <Delay = 0.00>
ST_1 : Operation 13 [1/1] (0.00ns)   --->   "call void (...)* @_ssdm_op_SpecInterface(i24* %AXI_video_strm_V_data_V, i3* %AXI_video_strm_V_keep_V, i3* %AXI_video_strm_V_strb_V, i1* %AXI_video_strm_V_user_V, i1* %AXI_video_strm_V_last_V, i1* %AXI_video_strm_V_id_V, i1* %AXI_video_strm_V_dest_V, [5 x i8]* @p_str, i32 1, i32 1, [5 x i8]* @p_str1, i32 0, i32 0, [1 x i8]* @p_str2, [1 x i8]* @p_str2, [1 x i8]* @p_str2, i32 0, i32 0, i32 0, i32 0, [1 x i8]* @p_str2, [1 x i8]* @p_str2) nounwind"   --->   Operation 13 'specinterface' <Predicate = true> <Delay = 0.00>
ST_1 : Operation 14 [1/1] (0.00ns)   --->   "br label %._crit_edge1" [G:/Xilinx/Vivado/2018.3/common/technology/autopilot/hls/hls_video_io.h:63]   --->   Operation 14 'br' <Predicate = true> <Delay = 0.00>

State 2 <SV = 1> <Delay = 0.00>
ST_2 : Operation 15 [1/1] (0.00ns)   --->   "call void (...)* @_ssdm_op_SpecLoopName([20 x i8]* @p_str43) nounwind" [G:/Xilinx/Vivado/2018.3/common/technology/autopilot/hls/hls_video_io.h:65]   --->   Operation 15 'specloopname' <Predicate = true> <Delay = 0.00>
ST_2 : Operation 16 [1/1] (0.00ns)   --->   "%tmp = call i32 (...)* @_ssdm_op_SpecRegionBegin([20 x i8]* @p_str43)" [G:/Xilinx/Vivado/2018.3/common/technology/autopilot/hls/hls_video_io.h:65]   --->   Operation 16 'specregionbegin' 'tmp' <Predicate = true> <Delay = 0.00>
ST_2 : Operation 17 [1/1] (0.00ns)   --->   "call void (...)* @_ssdm_op_SpecPipeline(i32 1, i32 1, i32 1, i32 0, [1 x i8]* @p_str2) nounwind" [G:/Xilinx/Vivado/2018.3/common/technology/autopilot/hls/hls_video_io.h:66]   --->   Operation 17 'specpipeline' <Predicate = true> <Delay = 0.00>
ST_2 : Operation 18 [1/1] (0.00ns)   --->   "call void (...)* @_ssdm_op_SpecLoopTripCount(i32 0, i32 0, i32 0, [1 x i8]* @p_str2) nounwind" [G:/Xilinx/Vivado/2018.3/common/technology/autopilot/hls/hls_video_io.h:67]   --->   Operation 18 'speclooptripcount' <Predicate = true> <Delay = 0.00>
ST_2 : Operation 19 [1/1] (0.00ns)   --->   "%empty = call { i24, i3, i3, i1, i1, i1, i1 } @_ssdm_op_Read.axis.volatile.i24P.i3P.i3P.i1P.i1P.i1P.i1P(i24* %AXI_video_strm_V_data_V, i3* %AXI_video_strm_V_keep_V, i3* %AXI_video_strm_V_strb_V, i1* %AXI_video_strm_V_user_V, i1* %AXI_video_strm_V_last_V, i1* %AXI_video_strm_V_id_V, i1* %AXI_video_strm_V_dest_V)" [G:/Xilinx/Vivado/2018.3/common/technology/autopilot/hls/hls_video_io.h:68]   --->   Operation 19 'read' 'empty' <Predicate = true> <Delay = 0.00> <Core = "AXI4Stream">   --->   Core 5 'AXI4Stream' <Latency = 0> <II = 1> <Delay = 1.00> <Adapter> <Opcode : >
ST_2 : Operation 20 [1/1] (0.00ns)   --->   "%tmp_data_V = extractvalue { i24, i3, i3, i1, i1, i1, i1 } %empty, 0" [G:/Xilinx/Vivado/2018.3/common/technology/autopilot/hls/hls_video_io.h:68]   --->   Operation 20 'extractvalue' 'tmp_data_V' <Predicate = true> <Delay = 0.00>
ST_2 : Operation 21 [1/1] (0.00ns)   --->   "%tmp_user_V = extractvalue { i24, i3, i3, i1, i1, i1, i1 } %empty, 3" [G:/Xilinx/Vivado/2018.3/common/technology/autopilot/hls/hls_video_io.h:68]   --->   Operation 21 'extractvalue' 'tmp_user_V' <Predicate = true> <Delay = 0.00>
ST_2 : Operation 22 [1/1] (0.00ns)   --->   "%tmp_last_V = extractvalue { i24, i3, i3, i1, i1, i1, i1 } %empty, 4" [G:/Xilinx/Vivado/2018.3/common/technology/autopilot/hls/hls_video_io.h:68]   --->   Operation 22 'extractvalue' 'tmp_last_V' <Predicate = true> <Delay = 0.00>
ST_2 : Operation 23 [1/1] (0.00ns)   --->   "%empty_69 = call i32 (...)* @_ssdm_op_SpecRegionEnd([20 x i8]* @p_str43, i32 %tmp)" [G:/Xilinx/Vivado/2018.3/common/technology/autopilot/hls/hls_video_io.h:70]   --->   Operation 23 'specregionend' 'empty_69' <Predicate = true> <Delay = 0.00>
ST_2 : Operation 24 [1/1] (0.00ns)   --->   "br i1 %tmp_user_V, label %.preheader232.preheader, label %._crit_edge1" [G:/Xilinx/Vivado/2018.3/common/technology/autopilot/hls/hls_video_io.h:65]   --->   Operation 24 'br' <Predicate = true> <Delay = 0.00>

State 3 <SV = 2> <Delay = 0.46>
ST_3 : Operation 25 [1/1] (0.00ns)   --->   "%sof_1 = alloca i1"   --->   Operation 25 'alloca' 'sof_1' <Predicate = true> <Delay = 0.00>
ST_3 : Operation 26 [1/1] (0.46ns)   --->   "store i1 true, i1* %sof_1"   --->   Operation 26 'store' <Predicate = true> <Delay = 0.46>
ST_3 : Operation 27 [1/1] (0.46ns)   --->   "br label %.preheader232" [G:/Xilinx/Vivado/2018.3/common/technology/autopilot/hls/hls_video_io.h:71]   --->   Operation 27 'br' <Predicate = true> <Delay = 0.46>

State 4 <SV = 3> <Delay = 2.74>
ST_4 : Operation 28 [1/1] (0.00ns)   --->   "%axi_last_V1 = phi i1 [ %axi_last_V_3, %5 ], [ %tmp_last_V, %.preheader232.preheader ]"   --->   Operation 28 'phi' 'axi_last_V1' <Predicate = true> <Delay = 0.00>
ST_4 : Operation 29 [1/1] (0.00ns)   --->   "%axi_data_V1 = phi i24 [ %axi_data_V_3, %5 ], [ %tmp_data_V, %.preheader232.preheader ]"   --->   Operation 29 'phi' 'axi_data_V1' <Predicate = true> <Delay = 0.00>
ST_4 : Operation 30 [1/1] (0.00ns)   --->   "%t_V = phi i10 [ %i_V, %5 ], [ 0, %.preheader232.preheader ]"   --->   Operation 30 'phi' 't_V' <Predicate = true> <Delay = 0.00>
ST_4 : Operation 31 [1/1] (1.94ns)   --->   "%exitcond1 = icmp eq i10 %t_V, -256" [G:/Xilinx/Vivado/2018.3/common/technology/autopilot/hls/hls_video_io.h:71]   --->   Operation 31 'icmp' 'exitcond1' <Predicate = true> <Delay = 1.94> <Core = "Cmp">   --->   Core 25 'Cmp' <Latency = 0> <II = 1> <Delay = 1.94> <FuncUnit> <Opcode : 'icmp'> <InPorts = 2> <OutPorts = 1>
ST_4 : Operation 32 [1/1] (0.00ns)   --->   "call void (...)* @_ssdm_op_SpecLoopTripCount(i64 768, i64 768, i64 768)"   --->   Operation 32 'speclooptripcount' <Predicate = true> <Delay = 0.00>
ST_4 : Operation 33 [1/1] (1.41ns)   --->   "%i_V = add i10 %t_V, 1" [G:/Xilinx/Vivado/2018.3/common/technology/autopilot/hls/hls_video_io.h:71]   --->   Operation 33 'add' 'i_V' <Predicate = true> <Delay = 1.41> <Core = "AddSub">   --->   Core 14 'AddSub' <Latency = 0> <II = 1> <Delay = 1.41> <FuncUnit> <Opcode : 'add' 'sub'> <InPorts = 2> <OutPorts = 1>
ST_4 : Operation 34 [1/1] (0.00ns)   --->   "br i1 %exitcond1, label %6, label %0" [G:/Xilinx/Vivado/2018.3/common/technology/autopilot/hls/hls_video_io.h:71]   --->   Operation 34 'br' <Predicate = true> <Delay = 0.00>
ST_4 : Operation 35 [1/1] (0.00ns)   --->   "call void (...)* @_ssdm_op_SpecLoopName([12 x i8]* @p_str9) nounwind" [G:/Xilinx/Vivado/2018.3/common/technology/autopilot/hls/hls_video_io.h:71]   --->   Operation 35 'specloopname' <Predicate = (!exitcond1)> <Delay = 0.00>
ST_4 : Operation 36 [1/1] (0.00ns)   --->   "%tmp_s = call i32 (...)* @_ssdm_op_SpecRegionBegin([12 x i8]* @p_str9)" [G:/Xilinx/Vivado/2018.3/common/technology/autopilot/hls/hls_video_io.h:71]   --->   Operation 36 'specregionbegin' 'tmp_s' <Predicate = (!exitcond1)> <Delay = 0.00>
ST_4 : Operation 37 [1/1] (0.46ns)   --->   "br label %1" [G:/Xilinx/Vivado/2018.3/common/technology/autopilot/hls/hls_video_io.h:73]   --->   Operation 37 'br' <Predicate = (!exitcond1)> <Delay = 0.46>
ST_4 : Operation 38 [1/1] (0.00ns)   --->   "ret void"   --->   Operation 38 'ret' <Predicate = (exitcond1)> <Delay = 0.00>

State 5 <SV = 4> <Delay = 2.68>
ST_5 : Operation 39 [1/1] (0.00ns)   --->   "%eol_1 = phi i1 [ %axi_last_V1, %0 ], [ %axi_last_V_2, %._crit_edge2 ]" [G:/Xilinx/Vivado/2018.3/common/technology/autopilot/hls/hls_video_io.h:100]   --->   Operation 39 'phi' 'eol_1' <Predicate = true> <Delay = 0.00>
ST_5 : Operation 40 [1/1] (0.00ns)   --->   "%axi_data_V_1 = phi i24 [ %axi_data_V1, %0 ], [ %p_Val2_s, %._crit_edge2 ]"   --->   Operation 40 'phi' 'axi_data_V_1' <Predicate = true> <Delay = 0.00>
ST_5 : Operation 41 [1/1] (0.00ns)   --->   "%t_V_5 = phi i11 [ 0, %0 ], [ %j_V, %._crit_edge2 ]"   --->   Operation 41 'phi' 't_V_5' <Predicate = true> <Delay = 0.00>
ST_5 : Operation 42 [1/1] (0.00ns)   --->   "%eol = phi i1 [ false, %0 ], [ %axi_last_V_2, %._crit_edge2 ]" [G:/Xilinx/Vivado/2018.3/common/technology/autopilot/hls/hls_video_io.h:81]   --->   Operation 42 'phi' 'eol' <Predicate = true> <Delay = 0.00>
ST_5 : Operation 43 [1/1] (1.88ns)   --->   "%exitcond = icmp eq i11 %t_V_5, -1024" [G:/Xilinx/Vivado/2018.3/common/technology/autopilot/hls/hls_video_io.h:73]   --->   Operation 43 'icmp' 'exitcond' <Predicate = true> <Delay = 1.88> <Core = "Cmp">   --->   Core 25 'Cmp' <Latency = 0> <II = 1> <Delay = 1.94> <FuncUnit> <Opcode : 'icmp'> <InPorts = 2> <OutPorts = 1>
ST_5 : Operation 44 [1/1] (0.00ns)   --->   "call void (...)* @_ssdm_op_SpecLoopTripCount(i64 1024, i64 1024, i64 1024)"   --->   Operation 44 'speclooptripcount' <Predicate = true> <Delay = 0.00>
ST_5 : Operation 45 [1/1] (1.48ns)   --->   "%j_V = add i11 %t_V_5, 1" [G:/Xilinx/Vivado/2018.3/common/technology/autopilot/hls/hls_video_io.h:73]   --->   Operation 45 'add' 'j_V' <Predicate = true> <Delay = 1.48> <Core = "AddSub">   --->   Core 14 'AddSub' <Latency = 0> <II = 1> <Delay = 1.41> <FuncUnit> <Opcode : 'add' 'sub'> <InPorts = 2> <OutPorts = 1>
ST_5 : Operation 46 [1/1] (0.00ns)   --->   "br i1 %exitcond, label %.preheader.preheader, label %2" [G:/Xilinx/Vivado/2018.3/common/technology/autopilot/hls/hls_video_io.h:73]   --->   Operation 46 'br' <Predicate = true> <Delay = 0.00>
ST_5 : Operation 47 [1/1] (0.00ns)   --->   "%sof_1_load = load i1* %sof_1" [G:/Xilinx/Vivado/2018.3/common/technology/autopilot/hls/hls_video_io.h:76]   --->   Operation 47 'load' 'sof_1_load' <Predicate = (!exitcond)> <Delay = 0.00>
ST_5 : Operation 48 [1/1] (0.80ns)   --->   "%brmerge = or i1 %sof_1_load, %eol" [G:/Xilinx/Vivado/2018.3/common/technology/autopilot/hls/hls_video_io.h:76]   --->   Operation 48 'or' 'brmerge' <Predicate = (!exitcond)> <Delay = 0.80> <Core = "LogicGate">   --->   Core 27 'LogicGate' <Latency = 0> <II = 1> <Delay = 0.80> <FuncUnit> <Opcode : 'and' 'or' 'xor'> <InPorts = 2> <OutPorts = 1>
ST_5 : Operation 49 [1/1] (0.46ns)   --->   "br i1 %brmerge, label %._crit_edge2, label %3" [G:/Xilinx/Vivado/2018.3/common/technology/autopilot/hls/hls_video_io.h:76]   --->   Operation 49 'br' <Predicate = (!exitcond)> <Delay = 0.46>
ST_5 : Operation 50 [1/1] (0.00ns)   --->   "%empty_70 = call { i24, i3, i3, i1, i1, i1, i1 } @_ssdm_op_Read.axis.volatile.i24P.i3P.i3P.i1P.i1P.i1P.i1P(i24* %AXI_video_strm_V_data_V, i3* %AXI_video_strm_V_keep_V, i3* %AXI_video_strm_V_strb_V, i1* %AXI_video_strm_V_user_V, i1* %AXI_video_strm_V_last_V, i1* %AXI_video_strm_V_id_V, i1* %AXI_video_strm_V_dest_V)" [G:/Xilinx/Vivado/2018.3/common/technology/autopilot/hls/hls_video_io.h:81]   --->   Operation 50 'read' 'empty_70' <Predicate = (!exitcond & !brmerge)> <Delay = 0.00> <Core = "AXI4Stream">   --->   Core 5 'AXI4Stream' <Latency = 0> <II = 1> <Delay = 1.00> <Adapter> <Opcode : >
ST_5 : Operation 51 [1/1] (0.00ns)   --->   "%tmp_data_V_1 = extractvalue { i24, i3, i3, i1, i1, i1, i1 } %empty_70, 0" [G:/Xilinx/Vivado/2018.3/common/technology/autopilot/hls/hls_video_io.h:81]   --->   Operation 51 'extractvalue' 'tmp_data_V_1' <Predicate = (!exitcond & !brmerge)> <Delay = 0.00>
ST_5 : Operation 52 [1/1] (0.00ns)   --->   "%tmp_last_V_1 = extractvalue { i24, i3, i3, i1, i1, i1, i1 } %empty_70, 4" [G:/Xilinx/Vivado/2018.3/common/technology/autopilot/hls/hls_video_io.h:81]   --->   Operation 52 'extractvalue' 'tmp_last_V_1' <Predicate = (!exitcond & !brmerge)> <Delay = 0.00>
ST_5 : Operation 53 [1/1] (0.46ns)   --->   "br label %._crit_edge2"   --->   Operation 53 'br' <Predicate = (!exitcond & !brmerge)> <Delay = 0.46>
ST_5 : Operation 54 [1/1] (0.00ns)   --->   "%axi_last_V_2 = phi i1 [ %tmp_last_V_1, %3 ], [ %eol_1, %2 ]"   --->   Operation 54 'phi' 'axi_last_V_2' <Predicate = (!exitcond)> <Delay = 0.00>
ST_5 : Operation 55 [1/1] (0.00ns)   --->   "%p_Val2_s = phi i24 [ %tmp_data_V_1, %3 ], [ %axi_data_V_1, %2 ]"   --->   Operation 55 'phi' 'p_Val2_s' <Predicate = (!exitcond)> <Delay = 0.00>
ST_5 : Operation 56 [1/1] (0.00ns)   --->   "%tmp_68 = trunc i24 %p_Val2_s to i8" [G:/Xilinx/Vivado/2018.3/common/technology/autopilot/hls/hls_axi_io.h:49->G:/Xilinx/Vivado/2018.3/common/technology/autopilot/hls/hls_axi_io.h:71->G:/Xilinx/Vivado/2018.3/common/technology/autopilot/hls/hls_video_io.h:92]   --->   Operation 56 'trunc' 'tmp_68' <Predicate = (!exitcond)> <Delay = 0.00>
ST_5 : Operation 57 [1/1] (0.00ns)   --->   "%tmp_46 = call i8 @_ssdm_op_PartSelect.i8.i24.i32.i32(i24 %p_Val2_s, i32 8, i32 15)" [G:/Xilinx/Vivado/2018.3/common/technology/autopilot/hls/hls_axi_io.h:49->G:/Xilinx/Vivado/2018.3/common/technology/autopilot/hls/hls_axi_io.h:71->G:/Xilinx/Vivado/2018.3/common/technology/autopilot/hls/hls_video_io.h:92]   --->   Operation 57 'partselect' 'tmp_46' <Predicate = (!exitcond)> <Delay = 0.00>
ST_5 : Operation 58 [1/1] (0.00ns)   --->   "%tmp_47 = call i8 @_ssdm_op_PartSelect.i8.i24.i32.i32(i24 %p_Val2_s, i32 16, i32 23)" [G:/Xilinx/Vivado/2018.3/common/technology/autopilot/hls/hls_axi_io.h:49->G:/Xilinx/Vivado/2018.3/common/technology/autopilot/hls/hls_axi_io.h:71->G:/Xilinx/Vivado/2018.3/common/technology/autopilot/hls/hls_video_io.h:92]   --->   Operation 58 'partselect' 'tmp_47' <Predicate = (!exitcond)> <Delay = 0.00>
ST_5 : Operation 59 [1/1] (0.46ns)   --->   "store i1 false, i1* %sof_1"   --->   Operation 59 'store' <Predicate = (!exitcond)> <Delay = 0.46>

State 6 <SV = 5> <Delay = 3.40>
ST_6 : Operation 60 [1/1] (0.00ns)   --->   "call void (...)* @_ssdm_op_SpecLoopName([11 x i8]* @p_str10) nounwind" [G:/Xilinx/Vivado/2018.3/common/technology/autopilot/hls/hls_video_io.h:73]   --->   Operation 60 'specloopname' <Predicate = (!exitcond)> <Delay = 0.00>
ST_6 : Operation 61 [1/1] (0.00ns)   --->   "%tmp_43 = call i32 (...)* @_ssdm_op_SpecRegionBegin([11 x i8]* @p_str10)" [G:/Xilinx/Vivado/2018.3/common/technology/autopilot/hls/hls_video_io.h:73]   --->   Operation 61 'specregionbegin' 'tmp_43' <Predicate = (!exitcond)> <Delay = 0.00>
ST_6 : Operation 62 [1/1] (0.00ns)   --->   "call void (...)* @_ssdm_op_SpecPipeline(i32 1, i32 1, i32 1, i32 0, [1 x i8]* @p_str2) nounwind" [G:/Xilinx/Vivado/2018.3/common/technology/autopilot/hls/hls_video_io.h:75]   --->   Operation 62 'specpipeline' <Predicate = (!exitcond)> <Delay = 0.00>
ST_6 : Operation 63 [1/1] (0.00ns)   --->   "%tmp_48 = call i32 (...)* @_ssdm_op_SpecRegionBegin([12 x i8]* @p_str49)" [G:/Xilinx/Vivado/2018.3/common/technology/autopilot/hls/hls_video_core.h:696->G:/Xilinx/Vivado/2018.3/common/technology/autopilot/hls/hls_video_core.h:717->G:/Xilinx/Vivado/2018.3/common/technology/autopilot/hls/hls_video_io.h:94]   --->   Operation 63 'specregionbegin' 'tmp_48' <Predicate = (!exitcond)> <Delay = 0.00>
ST_6 : Operation 64 [1/1] (0.00ns)   --->   "call void (...)* @_ssdm_op_SpecProtocol(i32 0, [1 x i8]* @p_str2) nounwind" [G:/Xilinx/Vivado/2018.3/common/technology/autopilot/hls/hls_video_core.h:700->G:/Xilinx/Vivado/2018.3/common/technology/autopilot/hls/hls_video_core.h:717->G:/Xilinx/Vivado/2018.3/common/technology/autopilot/hls/hls_video_io.h:94]   --->   Operation 64 'specprotocol' <Predicate = (!exitcond)> <Delay = 0.00>
ST_6 : Operation 65 [1/1] (3.40ns)   --->   "call void @_ssdm_op_Write.ap_fifo.volatile.i8P(i8* %img_data_stream_0_V, i8 %tmp_68)" [G:/Xilinx/Vivado/2018.3/common/technology/autopilot/hls/hls_video_core.h:703->G:/Xilinx/Vivado/2018.3/common/technology/autopilot/hls/hls_video_core.h:717->G:/Xilinx/Vivado/2018.3/common/technology/autopilot/hls/hls_video_io.h:94]   --->   Operation 65 'write' <Predicate = (!exitcond)> <Delay = 3.40> <Core = "FIFO">   --->   Core 32 'FIFO' <Latency = 0> <II = 1> <Delay = 3.40> <Storage> <Opcode : 'read' 'write' 'nbread' 'nbwrite'> <Ports = 0> <Width = 8> <Depth = 2> <FIFO>
ST_6 : Operation 66 [1/1] (3.40ns)   --->   "call void @_ssdm_op_Write.ap_fifo.volatile.i8P(i8* %img_data_stream_1_V, i8 %tmp_46)" [G:/Xilinx/Vivado/2018.3/common/technology/autopilot/hls/hls_video_core.h:703->G:/Xilinx/Vivado/2018.3/common/technology/autopilot/hls/hls_video_core.h:717->G:/Xilinx/Vivado/2018.3/common/technology/autopilot/hls/hls_video_io.h:94]   --->   Operation 66 'write' <Predicate = (!exitcond)> <Delay = 3.40> <Core = "FIFO">   --->   Core 32 'FIFO' <Latency = 0> <II = 1> <Delay = 3.40> <Storage> <Opcode : 'read' 'write' 'nbread' 'nbwrite'> <Ports = 0> <Width = 8> <Depth = 2> <FIFO>
ST_6 : Operation 67 [1/1] (3.40ns)   --->   "call void @_ssdm_op_Write.ap_fifo.volatile.i8P(i8* %img_data_stream_2_V, i8 %tmp_47)" [G:/Xilinx/Vivado/2018.3/common/technology/autopilot/hls/hls_video_core.h:703->G:/Xilinx/Vivado/2018.3/common/technology/autopilot/hls/hls_video_core.h:717->G:/Xilinx/Vivado/2018.3/common/technology/autopilot/hls/hls_video_io.h:94]   --->   Operation 67 'write' <Predicate = (!exitcond)> <Delay = 3.40> <Core = "FIFO">   --->   Core 32 'FIFO' <Latency = 0> <II = 1> <Delay = 3.40> <Storage> <Opcode : 'read' 'write' 'nbread' 'nbwrite'> <Ports = 0> <Width = 8> <Depth = 2> <FIFO>
ST_6 : Operation 68 [1/1] (0.00ns)   --->   "%empty_71 = call i32 (...)* @_ssdm_op_SpecRegionEnd([12 x i8]* @p_str49, i32 %tmp_48)" [G:/Xilinx/Vivado/2018.3/common/technology/autopilot/hls/hls_video_core.h:705->G:/Xilinx/Vivado/2018.3/common/technology/autopilot/hls/hls_video_core.h:717->G:/Xilinx/Vivado/2018.3/common/technology/autopilot/hls/hls_video_io.h:94]   --->   Operation 68 'specregionend' 'empty_71' <Predicate = (!exitcond)> <Delay = 0.00>
ST_6 : Operation 69 [1/1] (0.00ns)   --->   "%empty_72 = call i32 (...)* @_ssdm_op_SpecRegionEnd([11 x i8]* @p_str10, i32 %tmp_43)" [G:/Xilinx/Vivado/2018.3/common/technology/autopilot/hls/hls_video_io.h:95]   --->   Operation 69 'specregionend' 'empty_72' <Predicate = (!exitcond)> <Delay = 0.00>
ST_6 : Operation 70 [1/1] (0.00ns)   --->   "br label %1" [G:/Xilinx/Vivado/2018.3/common/technology/autopilot/hls/hls_video_io.h:73]   --->   Operation 70 'br' <Predicate = (!exitcond)> <Delay = 0.00>

State 7 <SV = 5> <Delay = 0.46>
ST_7 : Operation 71 [1/1] (0.46ns)   --->   "br label %.preheader" [G:/Xilinx/Vivado/2018.3/common/technology/autopilot/hls/hls_video_io.h:96]   --->   Operation 71 'br' <Predicate = true> <Delay = 0.46>

State 8 <SV = 6> <Delay = 0.00>
ST_8 : Operation 72 [1/1] (0.00ns)   --->   "%axi_last_V_3 = phi i1 [ %tmp_last_V_2, %4 ], [ %eol_1, %.preheader.preheader ]"   --->   Operation 72 'phi' 'axi_last_V_3' <Predicate = true> <Delay = 0.00>
ST_8 : Operation 73 [1/1] (0.00ns)   --->   "%axi_data_V_3 = phi i24 [ %tmp_data_V_2, %4 ], [ %axi_data_V_1, %.preheader.preheader ]"   --->   Operation 73 'phi' 'axi_data_V_3' <Predicate = true> <Delay = 0.00>
ST_8 : Operation 74 [1/1] (0.00ns)   --->   "%eol_2 = phi i1 [ %tmp_last_V_2, %4 ], [ %eol, %.preheader.preheader ]"   --->   Operation 74 'phi' 'eol_2' <Predicate = true> <Delay = 0.00>
ST_8 : Operation 75 [1/1] (0.00ns)   --->   "br i1 %eol_2, label %5, label %4" [G:/Xilinx/Vivado/2018.3/common/technology/autopilot/hls/hls_video_io.h:96]   --->   Operation 75 'br' <Predicate = true> <Delay = 0.00>
ST_8 : Operation 76 [1/1] (0.00ns)   --->   "call void (...)* @_ssdm_op_SpecLoopName([18 x i8]* @p_str44) nounwind" [G:/Xilinx/Vivado/2018.3/common/technology/autopilot/hls/hls_video_io.h:96]   --->   Operation 76 'specloopname' <Predicate = (!eol_2)> <Delay = 0.00>
ST_8 : Operation 77 [1/1] (0.00ns)   --->   "%tmp_44 = call i32 (...)* @_ssdm_op_SpecRegionBegin([18 x i8]* @p_str44)" [G:/Xilinx/Vivado/2018.3/common/technology/autopilot/hls/hls_video_io.h:96]   --->   Operation 77 'specregionbegin' 'tmp_44' <Predicate = (!eol_2)> <Delay = 0.00>
ST_8 : Operation 78 [1/1] (0.00ns)   --->   "call void (...)* @_ssdm_op_SpecPipeline(i32 1, i32 1, i32 1, i32 0, [1 x i8]* @p_str2) nounwind" [G:/Xilinx/Vivado/2018.3/common/technology/autopilot/hls/hls_video_io.h:97]   --->   Operation 78 'specpipeline' <Predicate = (!eol_2)> <Delay = 0.00>
ST_8 : Operation 79 [1/1] (0.00ns)   --->   "call void (...)* @_ssdm_op_SpecLoopTripCount(i32 0, i32 0, i32 0, [1 x i8]* @p_str2) nounwind" [G:/Xilinx/Vivado/2018.3/common/technology/autopilot/hls/hls_video_io.h:98]   --->   Operation 79 'speclooptripcount' <Predicate = (!eol_2)> <Delay = 0.00>
ST_8 : Operation 80 [1/1] (0.00ns)   --->   "%empty_73 = call { i24, i3, i3, i1, i1, i1, i1 } @_ssdm_op_Read.axis.volatile.i24P.i3P.i3P.i1P.i1P.i1P.i1P(i24* %AXI_video_strm_V_data_V, i3* %AXI_video_strm_V_keep_V, i3* %AXI_video_strm_V_strb_V, i1* %AXI_video_strm_V_user_V, i1* %AXI_video_strm_V_last_V, i1* %AXI_video_strm_V_id_V, i1* %AXI_video_strm_V_dest_V)" [G:/Xilinx/Vivado/2018.3/common/technology/autopilot/hls/hls_video_io.h:100]   --->   Operation 80 'read' 'empty_73' <Predicate = (!eol_2)> <Delay = 0.00> <Core = "AXI4Stream">   --->   Core 5 'AXI4Stream' <Latency = 0> <II = 1> <Delay = 1.00> <Adapter> <Opcode : >
ST_8 : Operation 81 [1/1] (0.00ns)   --->   "%tmp_data_V_2 = extractvalue { i24, i3, i3, i1, i1, i1, i1 } %empty_73, 0" [G:/Xilinx/Vivado/2018.3/common/technology/autopilot/hls/hls_video_io.h:100]   --->   Operation 81 'extractvalue' 'tmp_data_V_2' <Predicate = (!eol_2)> <Delay = 0.00>
ST_8 : Operation 82 [1/1] (0.00ns)   --->   "%tmp_last_V_2 = extractvalue { i24, i3, i3, i1, i1, i1, i1 } %empty_73, 4" [G:/Xilinx/Vivado/2018.3/common/technology/autopilot/hls/hls_video_io.h:100]   --->   Operation 82 'extractvalue' 'tmp_last_V_2' <Predicate = (!eol_2)> <Delay = 0.00>
ST_8 : Operation 83 [1/1] (0.00ns)   --->   "%empty_74 = call i32 (...)* @_ssdm_op_SpecRegionEnd([18 x i8]* @p_str44, i32 %tmp_44)" [G:/Xilinx/Vivado/2018.3/common/technology/autopilot/hls/hls_video_io.h:103]   --->   Operation 83 'specregionend' 'empty_74' <Predicate = (!eol_2)> <Delay = 0.00>
ST_8 : Operation 84 [1/1] (0.00ns)   --->   "br label %.preheader" [G:/Xilinx/Vivado/2018.3/common/technology/autopilot/hls/hls_video_io.h:103]   --->   Operation 84 'br' <Predicate = (!eol_2)> <Delay = 0.00>

State 9 <SV = 7> <Delay = 0.00>
ST_9 : Operation 85 [1/1] (0.00ns)   --->   "%empty_75 = call i32 (...)* @_ssdm_op_SpecRegionEnd([12 x i8]* @p_str9, i32 %tmp_s)" [G:/Xilinx/Vivado/2018.3/common/technology/autopilot/hls/hls_video_io.h:104]   --->   Operation 85 'specregionend' 'empty_75' <Predicate = true> <Delay = 0.00>
ST_9 : Operation 86 [1/1] (0.00ns)   --->   "br label %.preheader232" [G:/Xilinx/Vivado/2018.3/common/technology/autopilot/hls/hls_video_io.h:71]   --->   Operation 86 'br' <Predicate = true> <Delay = 0.00>


============================================================
+ Verbose Summary: Timing violations
============================================================
Target clock period: 10ns, clock uncertainty: 1.25ns.

 <State 1>: 0ns
The critical path consists of the following:

 <State 2>: 0ns
The critical path consists of the following:

 <State 3>: 0.466ns
The critical path consists of the following:
	'alloca' operation ('sof_1') [28]  (0 ns)
	'store' operation of constant 1 on local variable 'sof_1' [29]  (0.466 ns)

 <State 4>: 2.74ns
The critical path consists of the following:
	'icmp' operation ('exitcond1', G:/Xilinx/Vivado/2018.3/common/technology/autopilot/hls/hls_video_io.h:71) [35]  (1.94 ns)
	blocking operation 0.8 ns on control path)

 <State 5>: 2.68ns
The critical path consists of the following:
	'icmp' operation ('exitcond', G:/Xilinx/Vivado/2018.3/common/technology/autopilot/hls/hls_video_io.h:73) [48]  (1.88 ns)
	blocking operation 0.8 ns on control path)

 <State 6>: 3.4ns
The critical path consists of the following:
	fifo write on port 'img_data_stream_0_V' (G:/Xilinx/Vivado/2018.3/common/technology/autopilot/hls/hls_video_core.h:703->G:/Xilinx/Vivado/2018.3/common/technology/autopilot/hls/hls_video_core.h:717->G:/Xilinx/Vivado/2018.3/common/technology/autopilot/hls/hls_video_io.h:94) [72]  (3.4 ns)

 <State 7>: 0.466ns
The critical path consists of the following:
	multiplexor before 'phi' operation ('axi.last.V') with incoming values : ('tmp.last.V', G:/Xilinx/Vivado/2018.3/common/technology/autopilot/hls/hls_video_io.h:68) ('tmp.last.V', G:/Xilinx/Vivado/2018.3/common/technology/autopilot/hls/hls_video_io.h:81) ('tmp.last.V', G:/Xilinx/Vivado/2018.3/common/technology/autopilot/hls/hls_video_io.h:100) [82]  (0.466 ns)

 <State 8>: 0ns
The critical path consists of the following:

 <State 9>: 0ns
The critical path consists of the following:


============================================================
+ Verbose Summary: Binding
============================================================
N/A
* FSMD analyzer results:
  - Output states:
 - Input state : 
  - Chain level:
	State 1
	State 2
	State 3
	State 4
	State 5
	State 6
	State 7
	State 8
	State 9


============================================================
+ Verbose Summary: Datapath Resource usage 
============================================================
N/A
